
Tue Aug 15 05:12:18 CDT 2017

Book version is:	20170815-systemd


	jhalfs configuration settings:

BOOK.............. 	</mnt/lfs/jhalfs/lfs-development>
CUSTOM_TOOLS...... 	<n>
INITSYS........... 	<systemd>
BLFS_TOOL......... 	<y>
LUSER............. 	<lfs>
LGROUP............ 	<lfs>
LHOME............. 	</home>
BUILDDIR.......... 	</mnt/lfs>
CLEAN............. 	<n>
GETPKG............ 	<y>
SRC_ARCHIVE....... 	</mnt/lfs/src_archive>
SERVER............ 	<http://ftp.osuosl.org>
RETRYSRCDOWNLOAD.. 	<y>
RETRYDOWNLOADCNT.. 	<20>
DOWNLOADTIMEOUT... 	<30>
RUNMAKE........... 	<y>
TEST.............. 	<2>
BOMB_TEST......... 	<n>
STRIP............. 	<y>
VIMLANG........... 	<n>
FSTAB............. 	<>
CONFIG............ 	<>
TIMEZONE.......... 	<UTC>
PAGE.............. 	<letter>
LANG.............. 	<en_US.UTF-8>
INSTALL_LOG....... 	<y>
PKGMNGT........... 	<n>
FULL_LOCALE....... 	<n>
WRAP_INSTALL...... 	<n>
HOSTNAME.......... 	<LFS-SVN-PC>
INTERFACE......... 	<eth0>
IP_ADDR........... 	<10.0.2.9>
GATEWAY........... 	<10.0.2.2>
PREFIX............ 	<24>
BROADCAST......... 	<10.0.2.255>
DOMAIN............ 	<local>
DNS1.............. 	<10.0.2.3>
DNS2.............. 	<8.8.8.8>
FONT.............. 	<lat0-16>
CONSOLE_MAP....... 	<>
UNICODE........... 	<y>
KEYMAP............ 	<us>
COMPARE........... 	<n>
OPTIMIZE.......... 	<2>
REPORT............ 	<y>
REBUILD_MAKEFILE.. 	<n>

    [34mblfs-tool settings
BLFS_TREE......... 	<trunk/BOOK>
BLFS_BRANCH_ID.... 	<development>
BLFS_ROOT......... 	</blfs_root>
BLFS_XML.......... 	<blfs-xml>
TRACKING_DIR...... 	</var/lib/jhalfs/BLFS>
DEP_LIBXML........ 	<y>
DEP_LIBXSLT....... 	<y>
DEP_DBXML......... 	<y>
DEP_LYNX.......... 	<y>
DEP_SUDO.......... 	<y>
DEP_WGET.......... 	<y>
DEP_SVN........... 	<y>
DEP_GPM........... 	<>
DEP_OPENSSL....... 	<y>
DEP_PYTHON........ 	<>




		CPU type:

processor	: 0
vendor_id	: AuthenticAMD
cpu family	: 21
model		: 2
model name	: AMD FX(tm)-8320 Eight-Core Processor
stepping	: 0
microcode	: 0x600084f
cpu MHz		: 1400.000
cache size	: 2048 KB
physical id	: 0
siblings	: 8
core id		: 0
cpu cores	: 4
apicid		: 16
initial apicid	: 0
fpu		: yes
fpu_exception	: yes
cpuid level	: 13
wp		: yes
flags		: fpu vme de pse tsc msr pae mce cx8 apic sep mtrr pge mca cmov pat pse36 clflush mmx fxsr sse sse2 ht syscall nx mmxext fxsr_opt pdpe1gb rdtscp lm constant_tsc rep_good nopl nonstop_tsc extd_apicid aperfmperf pni pclmulqdq monitor ssse3 fma cx16 sse4_1 sse4_2 popcnt aes xsave avx f16c lahf_lm cmp_legacy svm extapic cr8_legacy abm sse4a misalignsse 3dnowprefetch osvw ibs xop skinit wdt lwp fma4 tce nodeid_msr tbm topoext perfctr_core perfctr_nb cpb hw_pstate vmmcall bmi1 arat npt lbrv svm_lock nrip_save tsc_scale vmcb_clean flushbyasid decodeassists pausefilter pfthreshold
bugs		: fxsave_leak sysret_ss_attrs null_seg
bogomips	: 7023.30
TLB size	: 1536 4K pages
clflush size	: 64
cache_alignment	: 64
address sizes	: 48 bits physical, 48 bits virtual
power management: ts ttp tm 100mhzsteps hwpstate cpb eff_freq_ro

processor	: 1
vendor_id	: AuthenticAMD
cpu family	: 21
model		: 2
model name	: AMD FX(tm)-8320 Eight-Core Processor
stepping	: 0
microcode	: 0x600084f
cpu MHz		: 3500.000
cache size	: 2048 KB
physical id	: 0
siblings	: 8
core id		: 1
cpu cores	: 4
apicid		: 17
initial apicid	: 1
fpu		: yes
fpu_exception	: yes
cpuid level	: 13
wp		: yes
flags		: fpu vme de pse tsc msr pae mce cx8 apic sep mtrr pge mca cmov pat pse36 clflush mmx fxsr sse sse2 ht syscall nx mmxext fxsr_opt pdpe1gb rdtscp lm constant_tsc rep_good nopl nonstop_tsc extd_apicid aperfmperf pni pclmulqdq monitor ssse3 fma cx16 sse4_1 sse4_2 popcnt aes xsave avx f16c lahf_lm cmp_legacy svm extapic cr8_legacy abm sse4a misalignsse 3dnowprefetch osvw ibs xop skinit wdt lwp fma4 tce nodeid_msr tbm topoext perfctr_core perfctr_nb cpb hw_pstate vmmcall bmi1 arat npt lbrv svm_lock nrip_save tsc_scale vmcb_clean flushbyasid decodeassists pausefilter pfthreshold
bugs		: fxsave_leak sysret_ss_attrs null_seg
bogomips	: 7023.30
TLB size	: 1536 4K pages
clflush size	: 64
cache_alignment	: 64
address sizes	: 48 bits physical, 48 bits virtual
power management: ts ttp tm 100mhzsteps hwpstate cpb eff_freq_ro

processor	: 2
vendor_id	: AuthenticAMD
cpu family	: 21
model		: 2
model name	: AMD FX(tm)-8320 Eight-Core Processor
stepping	: 0
microcode	: 0x600084f
cpu MHz		: 1700.000
cache size	: 2048 KB
physical id	: 0
siblings	: 8
core id		: 2
cpu cores	: 4
apicid		: 18
initial apicid	: 2
fpu		: yes
fpu_exception	: yes
cpuid level	: 13
wp		: yes
flags		: fpu vme de pse tsc msr pae mce cx8 apic sep mtrr pge mca cmov pat pse36 clflush mmx fxsr sse sse2 ht syscall nx mmxext fxsr_opt pdpe1gb rdtscp lm constant_tsc rep_good nopl nonstop_tsc extd_apicid aperfmperf pni pclmulqdq monitor ssse3 fma cx16 sse4_1 sse4_2 popcnt aes xsave avx f16c lahf_lm cmp_legacy svm extapic cr8_legacy abm sse4a misalignsse 3dnowprefetch osvw ibs xop skinit wdt lwp fma4 tce nodeid_msr tbm topoext perfctr_core perfctr_nb cpb hw_pstate vmmcall bmi1 arat npt lbrv svm_lock nrip_save tsc_scale vmcb_clean flushbyasid decodeassists pausefilter pfthreshold
bugs		: fxsave_leak sysret_ss_attrs null_seg
bogomips	: 7023.30
TLB size	: 1536 4K pages
clflush size	: 64
cache_alignment	: 64
address sizes	: 48 bits physical, 48 bits virtual
power management: ts ttp tm 100mhzsteps hwpstate cpb eff_freq_ro

processor	: 3
vendor_id	: AuthenticAMD
cpu family	: 21
model		: 2
model name	: AMD FX(tm)-8320 Eight-Core Processor
stepping	: 0
microcode	: 0x600084f
cpu MHz		: 1400.000
cache size	: 2048 KB
physical id	: 0
siblings	: 8
core id		: 3
cpu cores	: 4
apicid		: 19
initial apicid	: 3
fpu		: yes
fpu_exception	: yes
cpuid level	: 13
wp		: yes
flags		: fpu vme de pse tsc msr pae mce cx8 apic sep mtrr pge mca cmov pat pse36 clflush mmx fxsr sse sse2 ht syscall nx mmxext fxsr_opt pdpe1gb rdtscp lm constant_tsc rep_good nopl nonstop_tsc extd_apicid aperfmperf pni pclmulqdq monitor ssse3 fma cx16 sse4_1 sse4_2 popcnt aes xsave avx f16c lahf_lm cmp_legacy svm extapic cr8_legacy abm sse4a misalignsse 3dnowprefetch osvw ibs xop skinit wdt lwp fma4 tce nodeid_msr tbm topoext perfctr_core perfctr_nb cpb hw_pstate vmmcall bmi1 arat npt lbrv svm_lock nrip_save tsc_scale vmcb_clean flushbyasid decodeassists pausefilter pfthreshold
bugs		: fxsave_leak sysret_ss_attrs null_seg
bogomips	: 7023.30
TLB size	: 1536 4K pages
clflush size	: 64
cache_alignment	: 64
address sizes	: 48 bits physical, 48 bits virtual
power management: ts ttp tm 100mhzsteps hwpstate cpb eff_freq_ro

processor	: 4
vendor_id	: AuthenticAMD
cpu family	: 21
model		: 2
model name	: AMD FX(tm)-8320 Eight-Core Processor
stepping	: 0
microcode	: 0x600084f
cpu MHz		: 1700.000
cache size	: 2048 KB
physical id	: 0
siblings	: 8
core id		: 4
cpu cores	: 4
apicid		: 20
initial apicid	: 4
fpu		: yes
fpu_exception	: yes
cpuid level	: 13
wp		: yes
flags		: fpu vme de pse tsc msr pae mce cx8 apic sep mtrr pge mca cmov pat pse36 clflush mmx fxsr sse sse2 ht syscall nx mmxext fxsr_opt pdpe1gb rdtscp lm constant_tsc rep_good nopl nonstop_tsc extd_apicid aperfmperf pni pclmulqdq monitor ssse3 fma cx16 sse4_1 sse4_2 popcnt aes xsave avx f16c lahf_lm cmp_legacy svm extapic cr8_legacy abm sse4a misalignsse 3dnowprefetch osvw ibs xop skinit wdt lwp fma4 tce nodeid_msr tbm topoext perfctr_core perfctr_nb cpb hw_pstate vmmcall bmi1 arat npt lbrv svm_lock nrip_save tsc_scale vmcb_clean flushbyasid decodeassists pausefilter pfthreshold
bugs		: fxsave_leak sysret_ss_attrs null_seg
bogomips	: 7023.30
TLB size	: 1536 4K pages
clflush size	: 64
cache_alignment	: 64
address sizes	: 48 bits physical, 48 bits virtual
power management: ts ttp tm 100mhzsteps hwpstate cpb eff_freq_ro

processor	: 5
vendor_id	: AuthenticAMD
cpu family	: 21
model		: 2
model name	: AMD FX(tm)-8320 Eight-Core Processor
stepping	: 0
microcode	: 0x600084f
cpu MHz		: 1400.000
cache size	: 2048 KB
physical id	: 0
siblings	: 8
core id		: 5
cpu cores	: 4
apicid		: 21
initial apicid	: 5
fpu		: yes
fpu_exception	: yes
cpuid level	: 13
wp		: yes
flags		: fpu vme de pse tsc msr pae mce cx8 apic sep mtrr pge mca cmov pat pse36 clflush mmx fxsr sse sse2 ht syscall nx mmxext fxsr_opt pdpe1gb rdtscp lm constant_tsc rep_good nopl nonstop_tsc extd_apicid aperfmperf pni pclmulqdq monitor ssse3 fma cx16 sse4_1 sse4_2 popcnt aes xsave avx f16c lahf_lm cmp_legacy svm extapic cr8_legacy abm sse4a misalignsse 3dnowprefetch osvw ibs xop skinit wdt lwp fma4 tce nodeid_msr tbm topoext perfctr_core perfctr_nb cpb hw_pstate vmmcall bmi1 arat npt lbrv svm_lock nrip_save tsc_scale vmcb_clean flushbyasid decodeassists pausefilter pfthreshold
bugs		: fxsave_leak sysret_ss_attrs null_seg
bogomips	: 7023.30
TLB size	: 1536 4K pages
clflush size	: 64
cache_alignment	: 64
address sizes	: 48 bits physical, 48 bits virtual
power management: ts ttp tm 100mhzsteps hwpstate cpb eff_freq_ro

processor	: 6
vendor_id	: AuthenticAMD
cpu family	: 21
model		: 2
model name	: AMD FX(tm)-8320 Eight-Core Processor
stepping	: 0
microcode	: 0x600084f
cpu MHz		: 1700.000
cache size	: 2048 KB
physical id	: 0
siblings	: 8
core id		: 6
cpu cores	: 4
apicid		: 22
initial apicid	: 6
fpu		: yes
fpu_exception	: yes
cpuid level	: 13
wp		: yes
flags		: fpu vme de pse tsc msr pae mce cx8 apic sep mtrr pge mca cmov pat pse36 clflush mmx fxsr sse sse2 ht syscall nx mmxext fxsr_opt pdpe1gb rdtscp lm constant_tsc rep_good nopl nonstop_tsc extd_apicid aperfmperf pni pclmulqdq monitor ssse3 fma cx16 sse4_1 sse4_2 popcnt aes xsave avx f16c lahf_lm cmp_legacy svm extapic cr8_legacy abm sse4a misalignsse 3dnowprefetch osvw ibs xop skinit wdt lwp fma4 tce nodeid_msr tbm topoext perfctr_core perfctr_nb cpb hw_pstate vmmcall bmi1 arat npt lbrv svm_lock nrip_save tsc_scale vmcb_clean flushbyasid decodeassists pausefilter pfthreshold
bugs		: fxsave_leak sysret_ss_attrs null_seg
bogomips	: 7023.30
TLB size	: 1536 4K pages
clflush size	: 64
cache_alignment	: 64
address sizes	: 48 bits physical, 48 bits virtual
power management: ts ttp tm 100mhzsteps hwpstate cpb eff_freq_ro

processor	: 7
vendor_id	: AuthenticAMD
cpu family	: 21
model		: 2
model name	: AMD FX(tm)-8320 Eight-Core Processor
stepping	: 0
microcode	: 0x600084f
cpu MHz		: 1700.000
cache size	: 2048 KB
physical id	: 0
siblings	: 8
core id		: 7
cpu cores	: 4
apicid		: 23
initial apicid	: 7
fpu		: yes
fpu_exception	: yes
cpuid level	: 13
wp		: yes
flags		: fpu vme de pse tsc msr pae mce cx8 apic sep mtrr pge mca cmov pat pse36 clflush mmx fxsr sse sse2 ht syscall nx mmxext fxsr_opt pdpe1gb rdtscp lm constant_tsc rep_good nopl nonstop_tsc extd_apicid aperfmperf pni pclmulqdq monitor ssse3 fma cx16 sse4_1 sse4_2 popcnt aes xsave avx f16c lahf_lm cmp_legacy svm extapic cr8_legacy abm sse4a misalignsse 3dnowprefetch osvw ibs xop skinit wdt lwp fma4 tce nodeid_msr tbm topoext perfctr_core perfctr_nb cpb hw_pstate vmmcall bmi1 arat npt lbrv svm_lock nrip_save tsc_scale vmcb_clean flushbyasid decodeassists pausefilter pfthreshold
bugs		: fxsave_leak sysret_ss_attrs null_seg
bogomips	: 7023.30
TLB size	: 1536 4K pages
clflush size	: 64
cache_alignment	: 64
address sizes	: 48 bits physical, 48 bits virtual
power management: ts ttp tm 100mhzsteps hwpstate cpb eff_freq_ro


		Memory info:

              total        used        free      shared  buff/cache   available
Mem:       16325780     1370084    11824544      205600     3131152    14357176
Swap:       1998844           0     1998844


================================================================================

The SBU unit value is equal to 50 seconds.

================================================================================
				[binutils-pass1-2.29]

Build time is:						0 minutes and 50 seconds
Build time in seconds is:				50
Approximate SBU time is:				1.0
Disk usage before unpacking the package:		1003136 KB or 979.625 MB
Disk usage before deleting the source and build dirs:	1584412 KB or 1547.277 MB
Required space to build the package:			581276 KB or 567.652 MB
Installed files disk usage:				95580 KB or 93.340 MB

================================================================================
				[gcc-pass1-7.2.0]

Build time is:						5 minutes and 7 seconds
Build time in seconds is:				307
Approximate SBU time is:				6.1
Disk usage before unpacking the package:		1098716 KB or 1072.965 MB
Disk usage before deleting the source and build dirs:	3492948 KB or 3411.082 MB
Required space to build the package:			2394232 KB or 2338.117 MB
Installed files disk usage:				502992 KB or 491.203 MB

================================================================================
				[linux-headers-4.12.7]

Build time is:						0 minutes and 9 seconds
Build time in seconds is:				9
Approximate SBU time is:				0.2
Disk usage before unpacking the package:		1601708 KB or 1564.168 MB
Disk usage before deleting the source and build dirs:	2483220 KB or 2425.020 MB
Required space to build the package:			881512 KB or 860.852 MB
Installed files disk usage:				5536 KB or 5.406 MB

================================================================================
				[glibc-2.26]

Build time is:						3 minutes and 35 seconds
Build time in seconds is:				215
Approximate SBU time is:				4.3
Disk usage before unpacking the package:		1607244 KB or 1569.574 MB
Disk usage before deleting the source and build dirs:	2416520 KB or 2359.883 MB
Required space to build the package:			809276 KB or 790.309 MB
Installed files disk usage:				122656 KB or 119.781 MB

================================================================================
				[gcc-libstdc++-7.2.0]

Build time is:						0 minutes and 44 seconds
Build time in seconds is:				44
Approximate SBU time is:				0.9
Disk usage before unpacking the package:		1729900 KB or 1689.355 MB
Disk usage before deleting the source and build dirs:	2497500 KB or 2438.965 MB
Required space to build the package:			767600 KB or 749.610 MB
Installed files disk usage:				25504 KB or 24.907 MB

================================================================================
				[binutils-pass2-2.29]

Build time is:						0 minutes and 59 seconds
Build time in seconds is:				59
Approximate SBU time is:				1.2
Disk usage before unpacking the package:		1755404 KB or 1714.262 MB
Disk usage before deleting the source and build dirs:	2330160 KB or 2275.547 MB
Required space to build the package:			574756 KB or 561.285 MB
Installed files disk usage:				111020 KB or 108.418 MB

================================================================================
				[gcc-pass2-7.2.0]

Build time is:						8 minutes and 31 seconds
Build time in seconds is:				511
Approximate SBU time is:				10.2
Disk usage before unpacking the package:		1866424 KB or 1822.680 MB
Disk usage before deleting the source and build dirs:	4515976 KB or 4410.133 MB
Required space to build the package:			2649552 KB or 2587.453 MB
Installed files disk usage:				626432 KB or 611.750 MB

================================================================================
				[tcl-8.6.7]

Build time is:						0 minutes and 23 seconds
Build time in seconds is:				23
Approximate SBU time is:				0.5
Disk usage before unpacking the package:		2492856 KB or 2434.430 MB
Disk usage before deleting the source and build dirs:	2535752 KB or 2476.320 MB
Required space to build the package:			42896 KB or 41.890 MB
Installed files disk usage:				4768 KB or 4.656 MB

================================================================================
				[expect-5.45]

Build time is:						0 minutes and 12 seconds
Build time in seconds is:				12
Approximate SBU time is:				0.2
Disk usage before unpacking the package:		2497624 KB or 2439.086 MB
Disk usage before deleting the source and build dirs:	2502052 KB or 2443.410 MB
Required space to build the package:			4428 KB or 4.324 MB
Installed files disk usage:				388 KB or 0.379 MB

================================================================================
				[dejagnu-1.6]

Build time is:						0 minutes and 1 seconds
Build time in seconds is:				1
Approximate SBU time is:				0.0
Disk usage before unpacking the package:		2498012 KB or 2439.465 MB
Disk usage before deleting the source and build dirs:	2501268 KB or 2442.645 MB
Required space to build the package:			3256 KB or 3.180 MB
Installed files disk usage:				856 KB or 0.836 MB

================================================================================
				[check-0.11.0]

Build time is:						0 minutes and 13 seconds
Build time in seconds is:				13
Approximate SBU time is:				0.3
Disk usage before unpacking the package:		2498868 KB or 2440.301 MB
Disk usage before deleting the source and build dirs:	2510108 KB or 2451.277 MB
Required space to build the package:			11240 KB or 10.976 MB
Installed files disk usage:				884 KB or 0.863 MB

================================================================================
				[ncurses-6.0]

Build time is:						0 minutes and 36 seconds
Build time in seconds is:				36
Approximate SBU time is:				0.7
Disk usage before unpacking the package:		2499752 KB or 2441.164 MB
Disk usage before deleting the source and build dirs:	2538336 KB or 2478.844 MB
Required space to build the package:			38584 KB or 37.680 MB
Installed files disk usage:				10048 KB or 9.813 MB

================================================================================
				[bash-4.4]

Build time is:						0 minutes and 37 seconds
Build time in seconds is:				37
Approximate SBU time is:				0.7
Disk usage before unpacking the package:		2509800 KB or 2450.977 MB
Disk usage before deleting the source and build dirs:	2571996 KB or 2511.715 MB
Required space to build the package:			62196 KB or 60.738 MB
Installed files disk usage:				11972 KB or 11.691 MB

================================================================================
				[bison-3.0.4]

Build time is:						0 minutes and 45 seconds
Build time in seconds is:				45
Approximate SBU time is:				0.9
Disk usage before unpacking the package:		2521772 KB or 2462.668 MB
Disk usage before deleting the source and build dirs:	2555012 KB or 2495.129 MB
Required space to build the package:			33240 KB or 32.461 MB
Installed files disk usage:				3988 KB or 3.894 MB

================================================================================
				[bzip2-1.0.6]

Build time is:						0 minutes and 1 seconds
Build time in seconds is:				1
Approximate SBU time is:				0.0
Disk usage before unpacking the package:		2525760 KB or 2466.562 MB
Disk usage before deleting the source and build dirs:	2531076 KB or 2471.754 MB
Required space to build the package:			5316 KB or 5.192 MB
Installed files disk usage:				1196 KB or 1.168 MB

================================================================================
				[coreutils-8.27]

Build time is:						2 minutes and 10 seconds
Build time in seconds is:				130
Approximate SBU time is:				2.6
Disk usage before unpacking the package:		2526956 KB or 2467.730 MB
Disk usage before deleting the source and build dirs:	2664316 KB or 2601.871 MB
Required space to build the package:			137360 KB or 134.141 MB
Installed files disk usage:				35168 KB or 34.344 MB

================================================================================
				[diffutils-3.6]

Build time is:						0 minutes and 35 seconds
Build time in seconds is:				35
Approximate SBU time is:				0.7
Disk usage before unpacking the package:		2562124 KB or 2502.074 MB
Disk usage before deleting the source and build dirs:	2586068 KB or 2525.457 MB
Required space to build the package:			23944 KB or 23.383 MB
Installed files disk usage:				2388 KB or 2.332 MB

================================================================================
				[file-5.31]

Build time is:						0 minutes and 12 seconds
Build time in seconds is:				12
Approximate SBU time is:				0.2
Disk usage before unpacking the package:		2564512 KB or 2504.406 MB
Disk usage before deleting the source and build dirs:	2581236 KB or 2520.738 MB
Required space to build the package:			16724 KB or 16.332 MB
Installed files disk usage:				5456 KB or 5.328 MB

================================================================================
				[findutils-4.6.0]

Build time is:						1 minutes and 1 seconds
Build time in seconds is:				61
Approximate SBU time is:				1.2
Disk usage before unpacking the package:		2569968 KB or 2509.734 MB
Disk usage before deleting the source and build dirs:	2605676 KB or 2544.605 MB
Required space to build the package:			35708 KB or 34.871 MB
Installed files disk usage:				3712 KB or 3.625 MB

================================================================================
				[gawk-4.1.4]

Build time is:						0 minutes and 22 seconds
Build time in seconds is:				22
Approximate SBU time is:				0.4
Disk usage before unpacking the package:		2573680 KB or 2513.359 MB
Disk usage before deleting the source and build dirs:	2609540 KB or 2548.379 MB
Required space to build the package:			35860 KB or 35.020 MB
Installed files disk usage:				5908 KB or 5.770 MB

================================================================================
				[gettext-0.19.8.1]

Build time is:						3 minutes and 26 seconds
Build time in seconds is:				206
Approximate SBU time is:				4.1
Disk usage before unpacking the package:		2579588 KB or 2519.129 MB
Disk usage before deleting the source and build dirs:	2747560 KB or 2683.164 MB
Required space to build the package:			167972 KB or 164.035 MB
Installed files disk usage:				15036 KB or 14.683 MB

================================================================================
				[grep-3.1]

Build time is:						0 minutes and 30 seconds
Build time in seconds is:				30
Approximate SBU time is:				0.6
Disk usage before unpacking the package:		2594624 KB or 2533.812 MB
Disk usage before deleting the source and build dirs:	2615148 KB or 2553.855 MB
Required space to build the package:			20524 KB or 20.043 MB
Installed files disk usage:				1188 KB or 1.161 MB

================================================================================
				[gzip-1.8]

Build time is:						0 minutes and 19 seconds
Build time in seconds is:				19
Approximate SBU time is:				0.4
Disk usage before unpacking the package:		2595812 KB or 2534.973 MB
Disk usage before deleting the source and build dirs:	2605764 KB or 2544.691 MB
Required space to build the package:			9952 KB or 9.718 MB
Installed files disk usage:				440 KB or 0.429 MB

================================================================================
				[m4-1.4.18]

Build time is:						0 minutes and 31 seconds
Build time in seconds is:				31
Approximate SBU time is:				0.6
Disk usage before unpacking the package:		2596252 KB or 2535.402 MB
Disk usage before deleting the source and build dirs:	2615464 KB or 2554.164 MB
Required space to build the package:			19212 KB or 18.762 MB
Installed files disk usage:				1064 KB or 1.039 MB

================================================================================
				[make-4.2.1]

Build time is:						0 minutes and 11 seconds
Build time in seconds is:				11
Approximate SBU time is:				0.2
Disk usage before unpacking the package:		2597316 KB or 2536.441 MB
Disk usage before deleting the source and build dirs:	2610204 KB or 2549.027 MB
Required space to build the package:			12888 KB or 12.586 MB
Installed files disk usage:				2332 KB or 2.278 MB

================================================================================
				[patch-2.7.5]

Build time is:						0 minutes and 33 seconds
Build time in seconds is:				33
Approximate SBU time is:				0.7
Disk usage before unpacking the package:		2599648 KB or 2538.719 MB
Disk usage before deleting the source and build dirs:	2610404 KB or 2549.223 MB
Required space to build the package:			10756 KB or 10.504 MB
Installed files disk usage:				668 KB or 0.652 MB

================================================================================
				[perl-5.26.0]

Build time is:						1 minutes and 31 seconds
Build time in seconds is:				91
Approximate SBU time is:				1.8
Disk usage before unpacking the package:		2600316 KB or 2539.371 MB
Disk usage before deleting the source and build dirs:	2867836 KB or 2800.621 MB
Required space to build the package:			267520 KB or 261.250 MB
Installed files disk usage:				67768 KB or 66.180 MB

================================================================================
				[sed-4.4]

Build time is:						0 minutes and 26 seconds
Build time in seconds is:				26
Approximate SBU time is:				0.5
Disk usage before unpacking the package:		2668084 KB or 2605.551 MB
Disk usage before deleting the source and build dirs:	2685084 KB or 2622.152 MB
Required space to build the package:			17000 KB or 16.601 MB
Installed files disk usage:				920 KB or 0.898 MB

================================================================================
				[tar-1.29]

Build time is:						0 minutes and 51 seconds
Build time in seconds is:				51
Approximate SBU time is:				1.0
Disk usage before unpacking the package:		2669004 KB or 2606.449 MB
Disk usage before deleting the source and build dirs:	2702552 KB or 2639.211 MB
Required space to build the package:			33548 KB or 32.762 MB
Installed files disk usage:				4788 KB or 4.676 MB

================================================================================
				[texinfo-6.4]

Build time is:						0 minutes and 45 seconds
Build time in seconds is:				45
Approximate SBU time is:				0.9
Disk usage before unpacking the package:		2673792 KB or 2611.125 MB
Disk usage before deleting the source and build dirs:	2776332 KB or 2711.262 MB
Required space to build the package:			102540 KB or 100.137 MB
Installed files disk usage:				10056 KB or 9.820 MB

================================================================================
				[util-linux-2.30.1]

Build time is:						0 minutes and 47 seconds
Build time in seconds is:				47
Approximate SBU time is:				0.9
Disk usage before unpacking the package:		2683848 KB or 2620.945 MB
Disk usage before deleting the source and build dirs:	2809472 KB or 2743.625 MB
Required space to build the package:			125624 KB or 122.680 MB
Installed files disk usage:				30708 KB or 29.989 MB

================================================================================
				[xz-5.2.3]

Build time is:						0 minutes and 18 seconds
Build time in seconds is:				18
Approximate SBU time is:				0.4
Disk usage before unpacking the package:		2714556 KB or 2650.934 MB
Disk usage before deleting the source and build dirs:	2731528 KB or 2667.508 MB
Required space to build the package:			16972 KB or 16.574 MB
Installed files disk usage:				2752 KB or 2.687 MB

================================================================================
				[stripping]

Build time is:						0 minutes and 2 seconds
Build time in seconds is:				2
Approximate SBU time is:				0.0
Disk usage before unpacking the package:		2717308 KB or 2653.621 MB
Disk usage before deleting the source and build dirs:	2263524 KB or 2210.473 MB
Required space to build the package:			-453784 KB or -443.148 MB
Installed files disk usage:				-453784 KB or -443.148 MB

================================================================================
				[changingowner]

Build time is:						0 minutes and 0 seconds
Build time in seconds is:				0
Approximate SBU time is:				0.0
Disk usage before unpacking the package:		2263524 KB or 2210.473 MB
Disk usage before deleting the source and build dirs:	2263524 KB or 2210.473 MB
Required space to build the package:			0 KB or 0.000 MB
Installed files disk usage:				0 KB or 0.000 MB

================================================================================
				[kernfs]

Build time is:						0 minutes and 0 seconds
Build time in seconds is:				0
Approximate SBU time is:				0.0
Disk usage before unpacking the package:		2263524 KB or 2210.473 MB
Disk usage before deleting the source and build dirs:	2263524 KB or 2210.473 MB
Required space to build the package:			0 KB or 0.000 MB
Installed files disk usage:				-4 KB or -0.004 MB

================================================================================
				[creatingdirs]

Build time is:						0 minutes and 0 seconds
Build time in seconds is:				0
Approximate SBU time is:				0.0
Disk usage before unpacking the package:		2263520 KB or 2210.469 MB
Disk usage before deleting the source and build dirs:	2263816 KB or 2210.758 MB
Required space to build the package:			296 KB or 0.289 MB
Installed files disk usage:				296 KB or 0.289 MB

================================================================================
				[createfiles]

Build time is:						0 minutes and 0 seconds
Build time in seconds is:				0
Approximate SBU time is:				0.0
Disk usage before unpacking the package:		2263816 KB or 2210.758 MB
Disk usage before deleting the source and build dirs:	2263844 KB or 2210.785 MB
Required space to build the package:			28 KB or 0.027 MB
Installed files disk usage:				28 KB or 0.027 MB

================================================================================
				[linux-headers-4.12.7]

Build time is:						0 minutes and 9 seconds
Build time in seconds is:				9
Approximate SBU time is:				0.2
Disk usage before unpacking the package:		2263844 KB or 2210.785 MB
Disk usage before deleting the source and build dirs:	3149212 KB or 3075.402 MB
Required space to build the package:			885368 KB or 864.617 MB
Installed files disk usage:				9560 KB or 9.336 MB

================================================================================
				[man-pages-4.12]

Build time is:						0 minutes and 1 seconds
Build time in seconds is:				1
Approximate SBU time is:				0.0
Disk usage before unpacking the package:		2273404 KB or 2220.121 MB
Disk usage before deleting the source and build dirs:	2301140 KB or 2247.207 MB
Required space to build the package:			27736 KB or 27.086 MB
Installed files disk usage:				11672 KB or 11.399 MB

================================================================================
				[glibc-2.26]

Build time is:						22 minutes and 32 seconds
Build time in seconds is:				1352
Approximate SBU time is:				27.0
Disk usage before unpacking the package:		2285076 KB or 2231.520 MB
Disk usage before deleting the source and build dirs:	4289100 KB or 4188.574 MB
Required space to build the package:			2004024 KB or 1957.054 MB
Installed files disk usage:				144036 KB or 140.660 MB

================================================================================
				[adjusting]

Build time is:						0 minutes and 0 seconds
Build time in seconds is:				0
Approximate SBU time is:				0.0
Disk usage before unpacking the package:		2429112 KB or 2372.180 MB
Disk usage before deleting the source and build dirs:	2429124 KB or 2372.191 MB
Required space to build the package:			12 KB or 0.011 MB
Installed files disk usage:				12 KB or 0.011 MB

================================================================================
				[zlib-1.2.11]

Build time is:						0 minutes and 2 seconds
Build time in seconds is:				2
Approximate SBU time is:				0.0
Disk usage before unpacking the package:		2429124 KB or 2372.191 MB
Disk usage before deleting the source and build dirs:	2433784 KB or 2376.742 MB
Required space to build the package:			4660 KB or 4.551 MB
Installed files disk usage:				-248 KB or -0.242 MB

================================================================================
				[file-5.31]

Build time is:						0 minutes and 13 seconds
Build time in seconds is:				13
Approximate SBU time is:				0.3
Disk usage before unpacking the package:		2428876 KB or 2371.949 MB
Disk usage before deleting the source and build dirs:	2445660 KB or 2388.340 MB
Required space to build the package:			16784 KB or 16.391 MB
Installed files disk usage:				5476 KB or 5.348 MB

================================================================================
				[readline-7.0]

Build time is:						0 minutes and 9 seconds
Build time in seconds is:				9
Approximate SBU time is:				0.2
Disk usage before unpacking the package:		2434352 KB or 2377.297 MB
Disk usage before deleting the source and build dirs:	2449448 KB or 2392.039 MB
Required space to build the package:			15096 KB or 14.742 MB
Installed files disk usage:				5200 KB or 5.078 MB

================================================================================
				[m4-1.4.18]

Build time is:						0 minutes and 45 seconds
Build time in seconds is:				45
Approximate SBU time is:				0.9
Disk usage before unpacking the package:		2439552 KB or 2382.375 MB
Disk usage before deleting the source and build dirs:	2470496 KB or 2412.594 MB
Required space to build the package:			30944 KB or 30.219 MB
Installed files disk usage:				1068 KB or 1.043 MB

================================================================================
				[bc-1.07.1]

Build time is:						0 minutes and 15 seconds
Build time in seconds is:				15
Approximate SBU time is:				0.3
Disk usage before unpacking the package:		2440620 KB or 2383.418 MB
Disk usage before deleting the source and build dirs:	2444436 KB or 2387.145 MB
Required space to build the package:			3816 KB or 3.727 MB
Installed files disk usage:				552 KB or 0.539 MB

================================================================================
				[binutils-2.29]

Build time is:						6 minutes and 25 seconds
Build time in seconds is:				385
Approximate SBU time is:				7.7
Disk usage before unpacking the package:		2441172 KB or 2383.957 MB
Disk usage before deleting the source and build dirs:	6698708 KB or 6541.707 MB
Required space to build the package:			4257536 KB or 4157.750 MB
Installed files disk usage:				186588 KB or 182.215 MB

================================================================================
				[gmp-6.1.2]

Build time is:						1 minutes and 24 seconds
Build time in seconds is:				84
Approximate SBU time is:				1.7
Disk usage before unpacking the package:		2627760 KB or 2566.172 MB
Disk usage before deleting the source and build dirs:	2687480 KB or 2624.492 MB
Required space to build the package:			59720 KB or 58.320 MB
Installed files disk usage:				2008 KB or 1.961 MB

================================================================================
				[mpfr-3.1.5]

Build time is:						0 minutes and 37 seconds
Build time in seconds is:				37
Approximate SBU time is:				0.7
Disk usage before unpacking the package:		2629768 KB or 2568.133 MB
Disk usage before deleting the source and build dirs:	2676764 KB or 2614.027 MB
Required space to build the package:			46996 KB or 45.894 MB
Installed files disk usage:				2932 KB or 2.863 MB

================================================================================
				[mpc-1.0.3]

Build time is:						0 minutes and 23 seconds
Build time in seconds is:				23
Approximate SBU time is:				0.5
Disk usage before unpacking the package:		2632700 KB or 2570.996 MB
Disk usage before deleting the source and build dirs:	2650508 KB or 2588.387 MB
Required space to build the package:			17808 KB or 17.391 MB
Installed files disk usage:				800 KB or 0.781 MB

================================================================================
				[gcc-7.2.0]

Build time is:						53 minutes and 52 seconds
Build time in seconds is:				3232
Approximate SBU time is:				64.6
Disk usage before unpacking the package:		2633500 KB or 2571.777 MB
Disk usage before deleting the source and build dirs:	6098508 KB or 5955.574 MB
Required space to build the package:			3465008 KB or 3383.797 MB
Installed files disk usage:				634112 KB or 619.250 MB

================================================================================
				[bzip2-1.0.6]

Build time is:						0 minutes and 4 seconds
Build time in seconds is:				4
Approximate SBU time is:				0.1
Disk usage before unpacking the package:		3267612 KB or 3191.027 MB
Disk usage before deleting the source and build dirs:	3269996 KB or 3193.355 MB
Required space to build the package:			2384 KB or 2.328 MB
Installed files disk usage:				-2044 KB or -1.996 MB

================================================================================
				[pkg-config-0.29.2]

Build time is:						0 minutes and 43 seconds
Build time in seconds is:				43
Approximate SBU time is:				0.9
Disk usage before unpacking the package:		3265568 KB or 3189.031 MB
Disk usage before deleting the source and build dirs:	3294304 KB or 3217.094 MB
Required space to build the package:			28736 KB or 28.063 MB
Installed files disk usage:				2016 KB or 1.969 MB

================================================================================
				[ncurses-6.0]

Build time is:						0 minutes and 30 seconds
Build time in seconds is:				30
Approximate SBU time is:				0.6
Disk usage before unpacking the package:		3267584 KB or 3191.000 MB
Disk usage before deleting the source and build dirs:	3307680 KB or 3230.156 MB
Required space to build the package:			40096 KB or 39.156 MB
Installed files disk usage:				14164 KB or 13.832 MB

================================================================================
				[attr-2.4.47.src]

Build time is:						0 minutes and 9 seconds
Build time in seconds is:				9
Approximate SBU time is:				0.2
Disk usage before unpacking the package:		3281748 KB or 3204.832 MB
Disk usage before deleting the source and build dirs:	3285112 KB or 3208.117 MB
Required space to build the package:			3364 KB or 3.285 MB
Installed files disk usage:				376 KB or 0.367 MB

================================================================================
				[acl-2.2.52.src]

Build time is:						0 minutes and 6 seconds
Build time in seconds is:				6
Approximate SBU time is:				0.1
Disk usage before unpacking the package:		3282124 KB or 3205.199 MB
Disk usage before deleting the source and build dirs:	3287076 KB or 3210.035 MB
Required space to build the package:			4952 KB or 4.836 MB
Installed files disk usage:				784 KB or 0.766 MB

================================================================================
				[libcap-2.25]

Build time is:						0 minutes and 0 seconds
Build time in seconds is:				0
Approximate SBU time is:				0.0
Disk usage before unpacking the package:		3282908 KB or 3205.965 MB
Disk usage before deleting the source and build dirs:	3284212 KB or 3207.238 MB
Required space to build the package:			1304 KB or 1.273 MB
Installed files disk usage:				316 KB or 0.308 MB

================================================================================
				[sed-4.4]

Build time is:						0 minutes and 43 seconds
Build time in seconds is:				43
Approximate SBU time is:				0.9
Disk usage before unpacking the package:		3283224 KB or 3206.273 MB
Disk usage before deleting the source and build dirs:	3308928 KB or 3231.375 MB
Required space to build the package:			25704 KB or 25.102 MB
Installed files disk usage:				1608 KB or 1.571 MB

================================================================================
				[shadow-4.5]

Build time is:						0 minutes and 20 seconds
Build time in seconds is:				20
Approximate SBU time is:				0.4
Disk usage before unpacking the package:		3284832 KB or 3207.844 MB
Disk usage before deleting the source and build dirs:	3328812 KB or 3250.793 MB
Required space to build the package:			43980 KB or 42.949 MB
Installed files disk usage:				11252 KB or 10.988 MB

================================================================================
				[psmisc-23.1]

Build time is:						0 minutes and 7 seconds
Build time in seconds is:				7
Approximate SBU time is:				0.1
Disk usage before unpacking the package:		3296084 KB or 3218.832 MB
Disk usage before deleting the source and build dirs:	3300352 KB or 3223.000 MB
Required space to build the package:			4268 KB or 4.168 MB
Installed files disk usage:				720 KB or 0.703 MB

================================================================================
				[iana-etc-2.30]

Build time is:						0 minutes and 0 seconds
Build time in seconds is:				0
Approximate SBU time is:				0.0
Disk usage before unpacking the package:		3296804 KB or 3219.535 MB
Disk usage before deleting the source and build dirs:	3299184 KB or 3221.859 MB
Required space to build the package:			2380 KB or 2.324 MB
Installed files disk usage:				780 KB or 0.762 MB

================================================================================
				[bison-3.0.4]

Build time is:						0 minutes and 44 seconds
Build time in seconds is:				44
Approximate SBU time is:				0.9
Disk usage before unpacking the package:		3297584 KB or 3220.297 MB
Disk usage before deleting the source and build dirs:	3330800 KB or 3252.734 MB
Required space to build the package:			33216 KB or 32.437 MB
Installed files disk usage:				3984 KB or 3.891 MB

================================================================================
				[flex-2.6.4]

Build time is:						0 minutes and 24 seconds
Build time in seconds is:				24
Approximate SBU time is:				0.5
Disk usage before unpacking the package:		3301568 KB or 3224.188 MB
Disk usage before deleting the source and build dirs:	3335376 KB or 3257.203 MB
Required space to build the package:			33808 KB or 33.015 MB
Installed files disk usage:				1624 KB or 1.585 MB

================================================================================
				[grep-3.1]

Build time is:						0 minutes and 45 seconds
Build time in seconds is:				45
Approximate SBU time is:				0.9
Disk usage before unpacking the package:		3303192 KB or 3225.773 MB
Disk usage before deleting the source and build dirs:	3332868 KB or 3254.754 MB
Required space to build the package:			29676 KB or 28.981 MB
Installed files disk usage:				1464 KB or 1.430 MB

================================================================================
				[bash-4.4]

Build time is:						3 minutes and 23 seconds
Build time in seconds is:				203
Approximate SBU time is:				4.1
Disk usage before unpacking the package:		3304656 KB or 3227.203 MB
Disk usage before deleting the source and build dirs:	3362044 KB or 3283.246 MB
Required space to build the package:			57388 KB or 56.043 MB
Installed files disk usage:				11048 KB or 10.789 MB

================================================================================
				[libtool-2.4.6]

Build time is:						8 minutes and 40 seconds
Build time in seconds is:				520
Approximate SBU time is:				10.4
Disk usage before unpacking the package:		3315704 KB or 3237.992 MB
Disk usage before deleting the source and build dirs:	3359476 KB or 3280.738 MB
Required space to build the package:			43772 KB or 42.746 MB
Installed files disk usage:				2896 KB or 2.828 MB

================================================================================
				[gdbm-1.13]

Build time is:						0 minutes and 16 seconds
Build time in seconds is:				16
Approximate SBU time is:				0.3
Disk usage before unpacking the package:		3318600 KB or 3240.820 MB
Disk usage before deleting the source and build dirs:	3328532 KB or 3250.520 MB
Required space to build the package:			9932 KB or 9.700 MB
Installed files disk usage:				1148 KB or 1.121 MB

================================================================================
				[gperf-3.1]

Build time is:						0 minutes and 8 seconds
Build time in seconds is:				8
Approximate SBU time is:				0.2
Disk usage before unpacking the package:		3319748 KB or 3241.941 MB
Disk usage before deleting the source and build dirs:	3325716 KB or 3247.770 MB
Required space to build the package:			5968 KB or 5.829 MB
Installed files disk usage:				564 KB or 0.551 MB

================================================================================
				[expat-2.2.3]

Build time is:						0 minutes and 15 seconds
Build time in seconds is:				15
Approximate SBU time is:				0.3
Disk usage before unpacking the package:		3320312 KB or 3242.492 MB
Disk usage before deleting the source and build dirs:	3330008 KB or 3251.961 MB
Required space to build the package:			9696 KB or 9.469 MB
Installed files disk usage:				824 KB or 0.805 MB

================================================================================
				[inetutils-1.9.4]

Build time is:						1 minutes and 5 seconds
Build time in seconds is:				65
Approximate SBU time is:				1.3
Disk usage before unpacking the package:		3321136 KB or 3243.297 MB
Disk usage before deleting the source and build dirs:	3349332 KB or 3270.832 MB
Required space to build the package:			28196 KB or 27.535 MB
Installed files disk usage:				3596 KB or 3.512 MB

================================================================================
				[perl-5.26.0]

Build time is:						16 minutes and 55 seconds
Build time in seconds is:				1015
Approximate SBU time is:				20.3
Disk usage before unpacking the package:		3324732 KB or 3246.809 MB
Disk usage before deleting the source and build dirs:	3587948 KB or 3503.855 MB
Required space to build the package:			263216 KB or 257.046 MB
Installed files disk usage:				72368 KB or 70.671 MB

================================================================================
				[xml-parser-2.44]

Build time is:						0 minutes and 3 seconds
Build time in seconds is:				3
Approximate SBU time is:				0.1
Disk usage before unpacking the package:		3397100 KB or 3317.480 MB
Disk usage before deleting the source and build dirs:	3399200 KB or 3319.531 MB
Required space to build the package:			2100 KB or 2.051 MB
Installed files disk usage:				332 KB or 0.325 MB

================================================================================
				[intltool-0.51.0]

Build time is:						0 minutes and 4 seconds
Build time in seconds is:				4
Approximate SBU time is:				0.1
Disk usage before unpacking the package:		3397432 KB or 3317.805 MB
Disk usage before deleting the source and build dirs:	3398984 KB or 3319.320 MB
Required space to build the package:			1552 KB or 1.515 MB
Installed files disk usage:				188 KB or 0.183 MB

================================================================================
				[autoconf-2.69]

Build time is:						13 minutes and 22 seconds
Build time in seconds is:				802
Approximate SBU time is:				16.0
Disk usage before unpacking the package:		3397620 KB or 3317.988 MB
Disk usage before deleting the source and build dirs:	3415360 KB or 3335.312 MB
Required space to build the package:			17740 KB or 17.324 MB
Installed files disk usage:				3232 KB or 3.157 MB

================================================================================
				[automake-1.15.1]

Build time is:						22 minutes and 6 seconds
Build time in seconds is:				1326
Approximate SBU time is:				26.5
Disk usage before unpacking the package:		3400852 KB or 3321.145 MB
Disk usage before deleting the source and build dirs:	3512348 KB or 3430.027 MB
Required space to build the package:			111496 KB or 108.882 MB
Installed files disk usage:				2436 KB or 2.378 MB

================================================================================
				[xz-5.2.3]

Build time is:						0 minutes and 28 seconds
Build time in seconds is:				28
Approximate SBU time is:				0.6
Disk usage before unpacking the package:		3403288 KB or 3323.523 MB
Disk usage before deleting the source and build dirs:	3418880 KB or 3338.750 MB
Required space to build the package:			15592 KB or 15.227 MB
Installed files disk usage:				1800 KB or 1.758 MB

================================================================================
				[kmod-24]

Build time is:						0 minutes and 11 seconds
Build time in seconds is:				11
Approximate SBU time is:				0.2
Disk usage before unpacking the package:		3405088 KB or 3325.281 MB
Disk usage before deleting the source and build dirs:	3416904 KB or 3336.820 MB
Required space to build the package:			11816 KB or 11.539 MB
Installed files disk usage:				1184 KB or 1.157 MB

================================================================================
				[gettext-0.19.8.1]

Build time is:						10 minutes and 38 seconds
Build time in seconds is:				638
Approximate SBU time is:				12.8
Disk usage before unpacking the package:		3406272 KB or 3326.438 MB
Disk usage before deleting the source and build dirs:	3609032 KB or 3524.445 MB
Required space to build the package:			202760 KB or 198.007 MB
Installed files disk usage:				27088 KB or 26.453 MB

================================================================================
				[systemd-234-lfs]

Build time is:						4 minutes and 58 seconds
Build time in seconds is:				298
Approximate SBU time is:				6.0
Disk usage before unpacking the package:		3433360 KB or 3352.891 MB
Disk usage before deleting the source and build dirs:	3886028 KB or 3794.949 MB
Required space to build the package:			452668 KB or 442.058 MB
Installed files disk usage:				92320 KB or 90.156 MB

================================================================================
				[procps-ng-3.3.12]

Build time is:						0 minutes and 20 seconds
Build time in seconds is:				20
Approximate SBU time is:				0.4
Disk usage before unpacking the package:		3525680 KB or 3443.047 MB
Disk usage before deleting the source and build dirs:	3540368 KB or 3457.391 MB
Required space to build the package:			14688 KB or 14.344 MB
Installed files disk usage:				2248 KB or 2.195 MB

================================================================================
				[e2fsprogs-1.43.5]

Build time is:						2 minutes and 57 seconds
Build time in seconds is:				177
Approximate SBU time is:				3.5
Disk usage before unpacking the package:		3527928 KB or 3445.242 MB
Disk usage before deleting the source and build dirs:	3587068 KB or 3502.996 MB
Required space to build the package:			59140 KB or 57.754 MB
Installed files disk usage:				6240 KB or 6.094 MB

================================================================================
				[coreutils-8.27]

Build time is:						9 minutes and 1 seconds
Build time in seconds is:				541
Approximate SBU time is:				10.8
Disk usage before unpacking the package:		3534168 KB or 3451.336 MB
Disk usage before deleting the source and build dirs:	3708972 KB or 3622.043 MB
Required space to build the package:			174804 KB or 170.707 MB
Installed files disk usage:				34688 KB or 33.875 MB

================================================================================
				[diffutils-3.6]

Build time is:						0 minutes and 50 seconds
Build time in seconds is:				50
Approximate SBU time is:				1.0
Disk usage before unpacking the package:		3568856 KB or 3485.211 MB
Disk usage before deleting the source and build dirs:	3600168 KB or 3515.789 MB
Required space to build the package:			31312 KB or 30.578 MB
Installed files disk usage:				2376 KB or 2.320 MB

================================================================================
				[gawk-4.1.4]

Build time is:						0 minutes and 27 seconds
Build time in seconds is:				27
Approximate SBU time is:				0.5
Disk usage before unpacking the package:		3571232 KB or 3487.531 MB
Disk usage before deleting the source and build dirs:	3607876 KB or 3523.316 MB
Required space to build the package:			36644 KB or 35.785 MB
Installed files disk usage:				6312 KB or 6.164 MB

================================================================================
				[findutils-4.6.0]

Build time is:						1 minutes and 47 seconds
Build time in seconds is:				107
Approximate SBU time is:				2.1
Disk usage before unpacking the package:		3577544 KB or 3493.695 MB
Disk usage before deleting the source and build dirs:	3626516 KB or 3541.520 MB
Required space to build the package:			48972 KB or 47.825 MB
Installed files disk usage:				3680 KB or 3.594 MB

================================================================================
				[groff-1.22.3]

Build time is:						1 minutes and 22 seconds
Build time in seconds is:				82
Approximate SBU time is:				1.6
Disk usage before unpacking the package:		3581224 KB or 3497.289 MB
Disk usage before deleting the source and build dirs:	3665940 KB or 3580.020 MB
Required space to build the package:			84716 KB or 82.731 MB
Installed files disk usage:				29776 KB or 29.078 MB

================================================================================
				[grub-2.02]

Build time is:						1 minutes and 2 seconds
Build time in seconds is:				62
Approximate SBU time is:				1.2
Disk usage before unpacking the package:		3611000 KB or 3526.367 MB
Disk usage before deleting the source and build dirs:	3758608 KB or 3670.516 MB
Required space to build the package:			147608 KB or 144.149 MB
Installed files disk usage:				32592 KB or 31.828 MB

================================================================================
				[less-487]

Build time is:						0 minutes and 7 seconds
Build time in seconds is:				7
Approximate SBU time is:				0.1
Disk usage before unpacking the package:		3643592 KB or 3558.195 MB
Disk usage before deleting the source and build dirs:	3647184 KB or 3561.703 MB
Required space to build the package:			3592 KB or 3.508 MB
Installed files disk usage:				600 KB or 0.586 MB

================================================================================
				[gzip-1.8]

Build time is:						0 minutes and 24 seconds
Build time in seconds is:				24
Approximate SBU time is:				0.5
Disk usage before unpacking the package:		3644192 KB or 3558.781 MB
Disk usage before deleting the source and build dirs:	3663412 KB or 3577.551 MB
Required space to build the package:			19220 KB or 18.770 MB
Installed files disk usage:				464 KB or 0.453 MB

================================================================================
				[iproute2-4.12.0]

Build time is:						0 minutes and 7 seconds
Build time in seconds is:				7
Approximate SBU time is:				0.1
Disk usage before unpacking the package:		3644656 KB or 3559.234 MB
Disk usage before deleting the source and build dirs:	3656696 KB or 3570.992 MB
Required space to build the package:			12040 KB or 11.758 MB
Installed files disk usage:				2708 KB or 2.645 MB

================================================================================
				[kbd-2.0.4]

Build time is:						0 minutes and 15 seconds
Build time in seconds is:				15
Approximate SBU time is:				0.3
Disk usage before unpacking the package:		3647364 KB or 3561.879 MB
Disk usage before deleting the source and build dirs:	3676932 KB or 3590.754 MB
Required space to build the package:			29568 KB or 28.875 MB
Installed files disk usage:				6172 KB or 6.027 MB

================================================================================
				[libpipeline-1.4.2]

Build time is:						0 minutes and 29 seconds
Build time in seconds is:				29
Approximate SBU time is:				0.6
Disk usage before unpacking the package:		3653536 KB or 3567.906 MB
Disk usage before deleting the source and build dirs:	3661724 KB or 3575.902 MB
Required space to build the package:			8188 KB or 7.996 MB
Installed files disk usage:				220 KB or 0.215 MB

================================================================================
				[make-4.2.1]

Build time is:						1 minutes and 7 seconds
Build time in seconds is:				67
Approximate SBU time is:				1.3
Disk usage before unpacking the package:		3653756 KB or 3568.121 MB
Disk usage before deleting the source and build dirs:	3666708 KB or 3580.770 MB
Required space to build the package:			12952 KB or 12.649 MB
Installed files disk usage:				2356 KB or 2.301 MB

================================================================================
				[patch-2.7.5]

Build time is:						0 minutes and 37 seconds
Build time in seconds is:				37
Approximate SBU time is:				0.7
Disk usage before unpacking the package:		3656112 KB or 3570.422 MB
Disk usage before deleting the source and build dirs:	3667148 KB or 3581.199 MB
Required space to build the package:			11036 KB or 10.777 MB
Installed files disk usage:				680 KB or 0.664 MB

================================================================================
				[dbus-1.10.22]

Build time is:						0 minutes and 25 seconds
Build time in seconds is:				25
Approximate SBU time is:				0.5
Disk usage before unpacking the package:		3656792 KB or 3571.086 MB
Disk usage before deleting the source and build dirs:	3679112 KB or 3592.883 MB
Required space to build the package:			22320 KB or 21.797 MB
Installed files disk usage:				3036 KB or 2.965 MB

================================================================================
				[util-linux-2.30.1]

Build time is:						1 minutes and 21 seconds
Build time in seconds is:				81
Approximate SBU time is:				1.6
Disk usage before unpacking the package:		3659828 KB or 3574.051 MB
Disk usage before deleting the source and build dirs:	3845588 KB or 3755.457 MB
Required space to build the package:			185760 KB or 181.406 MB
Installed files disk usage:				24956 KB or 24.371 MB

================================================================================
				[man-db-2.7.6.1]

Build time is:						1 minutes and 40 seconds
Build time in seconds is:				100
Approximate SBU time is:				2.0
Disk usage before unpacking the package:		3684784 KB or 3598.422 MB
Disk usage before deleting the source and build dirs:	3715484 KB or 3628.402 MB
Required space to build the package:			30700 KB or 29.980 MB
Installed files disk usage:				3300 KB or 3.223 MB

================================================================================
				[tar-1.29]

Build time is:						5 minutes and 33 seconds
Build time in seconds is:				333
Approximate SBU time is:				6.7
Disk usage before unpacking the package:		3688084 KB or 3601.645 MB
Disk usage before deleting the source and build dirs:	3728484 KB or 3641.098 MB
Required space to build the package:			40400 KB or 39.453 MB
Installed files disk usage:				7808 KB or 7.625 MB

================================================================================
				[texinfo-6.4]

Build time is:						1 minutes and 28 seconds
Build time in seconds is:				88
Approximate SBU time is:				1.8
Disk usage before unpacking the package:		3695892 KB or 3609.270 MB
Disk usage before deleting the source and build dirs:	3827316 KB or 3737.613 MB
Required space to build the package:			131424 KB or 128.343 MB
Installed files disk usage:				11616 KB or 11.343 MB

================================================================================
				[vim-8.0.586]

Build time is:						3 minutes and 57 seconds
Build time in seconds is:				237
Approximate SBU time is:				4.7
Disk usage before unpacking the package:		3707508 KB or 3620.613 MB
Disk usage before deleting the source and build dirs:	3839032 KB or 3749.055 MB
Required space to build the package:			131524 KB or 128.442 MB
Installed files disk usage:				34192 KB or 33.391 MB

================================================================================
				[strippingagain]

Build time is:						0 minutes and 23 seconds
Build time in seconds is:				23
Approximate SBU time is:				0.5
Disk usage before unpacking the package:		3741700 KB or 3654.004 MB
Disk usage before deleting the source and build dirs:	2902420 KB or 2834.395 MB
Required space to build the package:			-839280 KB or -819.609 MB
Installed files disk usage:				-839280 KB or -819.609 MB

================================================================================
				[revisedchroot]

Build time is:						0 minutes and 0 seconds
Build time in seconds is:				0
Approximate SBU time is:				0.0
Disk usage before unpacking the package:		2902420 KB or 2834.395 MB
Disk usage before deleting the source and build dirs:	2897916 KB or 2829.996 MB
Required space to build the package:			-4504 KB or -4.399 MB
Installed files disk usage:				-4504 KB or -4.399 MB

================================================================================
				[network]

Build time is:						0 minutes and 0 seconds
Build time in seconds is:				0
Approximate SBU time is:				0.0
Disk usage before unpacking the package:		2897916 KB or 2829.996 MB
Disk usage before deleting the source and build dirs:	2897924 KB or 2830.004 MB
Required space to build the package:			8 KB or 0.008 MB
Installed files disk usage:				8 KB or 0.008 MB

================================================================================
				[locale]

Build time is:						0 minutes and 0 seconds
Build time in seconds is:				0
Approximate SBU time is:				0.0
Disk usage before unpacking the package:		2897924 KB or 2830.004 MB
Disk usage before deleting the source and build dirs:	2897928 KB or 2830.008 MB
Required space to build the package:			4 KB or 0.004 MB
Installed files disk usage:				4 KB or 0.004 MB

================================================================================
				[inputrc]

Build time is:						0 minutes and 0 seconds
Build time in seconds is:				0
Approximate SBU time is:				0.0
Disk usage before unpacking the package:		2897928 KB or 2830.008 MB
Disk usage before deleting the source and build dirs:	2897932 KB or 2830.012 MB
Required space to build the package:			4 KB or 0.004 MB
Installed files disk usage:				4 KB or 0.004 MB

================================================================================
				[etcshells]

Build time is:						0 minutes and 0 seconds
Build time in seconds is:				0
Approximate SBU time is:				0.0
Disk usage before unpacking the package:		2897932 KB or 2830.012 MB
Disk usage before deleting the source and build dirs:	2897936 KB or 2830.016 MB
Required space to build the package:			4 KB or 0.004 MB
Installed files disk usage:				4 KB or 0.004 MB

================================================================================
				[fstab]

Build time is:						0 minutes and 0 seconds
Build time in seconds is:				0
Approximate SBU time is:				0.0
Disk usage before unpacking the package:		2897936 KB or 2830.016 MB
Disk usage before deleting the source and build dirs:	2897940 KB or 2830.020 MB
Required space to build the package:			4 KB or 0.004 MB
Installed files disk usage:				184 KB or 0.179 MB


================================================================================

Total time required to build the system:		295.8  SBU
Total Installed files disk usage:			1894984.000 KB or 1850.570 MB
