
jeudi 28 mars 2013, 06:30:20 (UTC+0100)

Book version is:	SVN-20130320


	jhalfs configuration settings:

BOOK.............. 	</home/pierre/downloads/gcc1st>
CUSTOM_TOOLS...... 	<y>
BLFS_TOOL......... 	<y>
LUSER............. 	<lfs>
LGROUP............ 	<lfs>
LHOME............. 	</home>
BUILDDIR.......... 	</mnt/lfs>
CLEAN............. 	<y>
GETPKG............ 	<y>
SRC_ARCHIVE....... 	</sources>
SERVER............ 	<ftp://ftp.lfs-matrix.net>
RETRYSRCDOWNLOAD.. 	<>
RETRYDOWNLOADCNT.. 	<20>
DOWNLOADTIMEOUT... 	<30>
RUNMAKE........... 	<y>
TEST.............. 	<2>
BOMB_TEST......... 	<y>
STRIP............. 	<y>
VIMLANG........... 	<n>
FSTAB............. 	</sources/fstablfs-virt>
CONFIG............ 	</sources/config_x86_64-virt-3.8>
TIMEZONE.......... 	<Europe/Paris>
PAGE.............. 	<A4>
LANG.............. 	<fr_FR.UTF-8>
INSTALL_LOG....... 	<y>
PKGMNGT........... 	<y>
FULL_LOCALE....... 	<n>
COMPARE........... 	<n>
OPTIMIZE.......... 	<0>
REPORT............ 	<y>
REBUILD_MAKEFILE.. 	<n>

    [34mblfs-tool settings
BLFS_BRANCH_ID.... 	<development>
BLFS_ROOT......... 	</blfs_root>
BLFS_XML.......... 	<blfs-xml>
TRACKING_DIR...... 	</var/lib/jhalfs/BLFS>
DEP_LIBXML........ 	<y>
DEP_LIBXSLT....... 	<y>
DEP_TIDY.......... 	<y>
DEP_DBXML......... 	<y>
DEP_LYNX.......... 	<y>
DEP_SUDO.......... 	<y>
DEP_WGET.......... 	<y>
DEP_SVN........... 	<y>
DEP_GPM........... 	<y>
DEP_OPENSSL....... 	<y>
DEP_PYTHON........ 	<y>




		CPU type:

processor	: 0
vendor_id	: GenuineIntel
cpu family	: 6
model		: 30
model name	: Intel(R) Core(TM) i5 CPU         750  @ 2.67GHz
stepping	: 5
microcode	: 0x5
cpu MHz		: 1200.000
cache size	: 8192 KB
physical id	: 0
siblings	: 4
core id		: 0
cpu cores	: 4
apicid		: 0
initial apicid	: 0
fpu		: yes
fpu_exception	: yes
cpuid level	: 11
wp		: yes
flags		: fpu vme de pse tsc msr pae mce cx8 apic sep mtrr pge mca cmov pat pse36 clflush dts acpi mmx fxsr sse sse2 ss ht tm pbe syscall nx rdtscp lm constant_tsc arch_perfmon pebs bts rep_good nopl xtopology nonstop_tsc aperfmperf pni dtes64 monitor ds_cpl vmx smx est tm2 ssse3 cx16 xtpr pdcm sse4_1 sse4_2 popcnt lahf_lm ida dtherm tpr_shadow vnmi flexpriority ept vpid
bogomips	: 5349.21
clflush size	: 64
cache_alignment	: 64
address sizes	: 36 bits physical, 48 bits virtual
power management:

processor	: 1
vendor_id	: GenuineIntel
cpu family	: 6
model		: 30
model name	: Intel(R) Core(TM) i5 CPU         750  @ 2.67GHz
stepping	: 5
microcode	: 0x5
cpu MHz		: 1333.000
cache size	: 8192 KB
physical id	: 0
siblings	: 4
core id		: 1
cpu cores	: 4
apicid		: 2
initial apicid	: 2
fpu		: yes
fpu_exception	: yes
cpuid level	: 11
wp		: yes
flags		: fpu vme de pse tsc msr pae mce cx8 apic sep mtrr pge mca cmov pat pse36 clflush dts acpi mmx fxsr sse sse2 ss ht tm pbe syscall nx rdtscp lm constant_tsc arch_perfmon pebs bts rep_good nopl xtopology nonstop_tsc aperfmperf pni dtes64 monitor ds_cpl vmx smx est tm2 ssse3 cx16 xtpr pdcm sse4_1 sse4_2 popcnt lahf_lm ida dtherm tpr_shadow vnmi flexpriority ept vpid
bogomips	: 5349.64
clflush size	: 64
cache_alignment	: 64
address sizes	: 36 bits physical, 48 bits virtual
power management:

processor	: 2
vendor_id	: GenuineIntel
cpu family	: 6
model		: 30
model name	: Intel(R) Core(TM) i5 CPU         750  @ 2.67GHz
stepping	: 5
microcode	: 0x5
cpu MHz		: 1200.000
cache size	: 8192 KB
physical id	: 0
siblings	: 4
core id		: 2
cpu cores	: 4
apicid		: 4
initial apicid	: 4
fpu		: yes
fpu_exception	: yes
cpuid level	: 11
wp		: yes
flags		: fpu vme de pse tsc msr pae mce cx8 apic sep mtrr pge mca cmov pat pse36 clflush dts acpi mmx fxsr sse sse2 ss ht tm pbe syscall nx rdtscp lm constant_tsc arch_perfmon pebs bts rep_good nopl xtopology nonstop_tsc aperfmperf pni dtes64 monitor ds_cpl vmx smx est tm2 ssse3 cx16 xtpr pdcm sse4_1 sse4_2 popcnt lahf_lm ida dtherm tpr_shadow vnmi flexpriority ept vpid
bogomips	: 5349.65
clflush size	: 64
cache_alignment	: 64
address sizes	: 36 bits physical, 48 bits virtual
power management:

processor	: 3
vendor_id	: GenuineIntel
cpu family	: 6
model		: 30
model name	: Intel(R) Core(TM) i5 CPU         750  @ 2.67GHz
stepping	: 5
microcode	: 0x5
cpu MHz		: 1200.000
cache size	: 8192 KB
physical id	: 0
siblings	: 4
core id		: 3
cpu cores	: 4
apicid		: 6
initial apicid	: 6
fpu		: yes
fpu_exception	: yes
cpuid level	: 11
wp		: yes
flags		: fpu vme de pse tsc msr pae mce cx8 apic sep mtrr pge mca cmov pat pse36 clflush dts acpi mmx fxsr sse sse2 ss ht tm pbe syscall nx rdtscp lm constant_tsc arch_perfmon pebs bts rep_good nopl xtopology nonstop_tsc aperfmperf pni dtes64 monitor ds_cpl vmx smx est tm2 ssse3 cx16 xtpr pdcm sse4_1 sse4_2 popcnt lahf_lm ida dtherm tpr_shadow vnmi flexpriority ept vpid
bogomips	: 5349.65
clflush size	: 64
cache_alignment	: 64
address sizes	: 36 bits physical, 48 bits virtual
power management:


		Memory info:

             total       used       free     shared    buffers     cached
Mem:      16469228    2788308   13680920          0     343676    1579284
-/+ buffers/cache:     865348   15603880
Swap:      7811068          0    7811068


================================================================================

The SBU unit value is equal to 136 seconds.

================================================================================
				[binutils-pass1]

Build time is:						2 minutes and 16 seconds
Build time in seconds is:				136
Approximate SBU time is:				1.0
Disk usage before unpacking the package:		611340 KB or 597.012 MB
Disk usage before deleting the source and build dirs:	1012996 KB or 989.254 MB
Required space to build the package:			401656 KB or 392.242 MB
Installed files disk usage:				70176 KB or 68.531 MB

================================================================================
				[gcc-pass1]

Build time is:						12 minutes and 40 seconds
Build time in seconds is:				760
Approximate SBU time is:				5.6
Disk usage before unpacking the package:		681516 KB or 665.543 MB
Disk usage before deleting the source and build dirs:	2503892 KB or 2445.207 MB
Required space to build the package:			1822376 KB or 1779.664 MB
Installed files disk usage:				275164 KB or 268.715 MB

================================================================================
				[linux-headers]

Build time is:						0 minutes and 16 seconds
Build time in seconds is:				16
Approximate SBU time is:				0.1
Disk usage before unpacking the package:		956680 KB or 934.258 MB
Disk usage before deleting the source and build dirs:	1537228 KB or 1501.199 MB
Required space to build the package:			580548 KB or 566.941 MB
Installed files disk usage:				2232 KB or 2.180 MB

================================================================================
				[glibc]

Build time is:						11 minutes and 26 seconds
Build time in seconds is:				686
Approximate SBU time is:				5.0
Disk usage before unpacking the package:		958912 KB or 936.438 MB
Disk usage before deleting the source and build dirs:	1533452 KB or 1497.512 MB
Required space to build the package:			574540 KB or 561.074 MB
Installed files disk usage:				93316 KB or 91.128 MB

================================================================================
				[gcc-libstdc++]

Build time is:						1 minutes and 8 seconds
Build time in seconds is:				68
Approximate SBU time is:				0.5
Disk usage before unpacking the package:		1052228 KB or 1027.566 MB
Disk usage before deleting the source and build dirs:	1811072 KB or 1768.625 MB
Required space to build the package:			758844 KB or 741.059 MB
Installed files disk usage:				17612 KB or 17.200 MB

================================================================================
				[binutils-pass2]

Build time is:						2 minutes and 40 seconds
Build time in seconds is:				160
Approximate SBU time is:				1.2
Disk usage before unpacking the package:		1069840 KB or 1044.766 MB
Disk usage before deleting the source and build dirs:	1495456 KB or 1460.406 MB
Required space to build the package:			425616 KB or 415.640 MB
Installed files disk usage:				86516 KB or 84.488 MB

================================================================================
				[gcc-pass2]

Build time is:						17 minutes and 41 seconds
Build time in seconds is:				1061
Approximate SBU time is:				7.8
Disk usage before unpacking the package:		1156356 KB or 1129.254 MB
Disk usage before deleting the source and build dirs:	3159456 KB or 3085.406 MB
Required space to build the package:			2003100 KB or 1956.152 MB
Installed files disk usage:				325976 KB or 318.336 MB

================================================================================
				[tcl]

Build time is:						0 minutes and 48 seconds
Build time in seconds is:				48
Approximate SBU time is:				0.4
Disk usage before unpacking the package:		1482332 KB or 1447.590 MB
Disk usage before deleting the source and build dirs:	1515196 KB or 1479.684 MB
Required space to build the package:			32864 KB or 32.094 MB
Installed files disk usage:				3012 KB or 2.941 MB

================================================================================
				[expect]

Build time is:						0 minutes and 15 seconds
Build time in seconds is:				15
Approximate SBU time is:				0.1
Disk usage before unpacking the package:		1485344 KB or 1450.531 MB
Disk usage before deleting the source and build dirs:	1489764 KB or 1454.848 MB
Required space to build the package:			4420 KB or 4.317 MB
Installed files disk usage:				392 KB or 0.383 MB

================================================================================
				[dejagnu]

Build time is:						0 minutes and 2 seconds
Build time in seconds is:				2
Approximate SBU time is:				0.0
Disk usage before unpacking the package:		1485736 KB or 1450.914 MB
Disk usage before deleting the source and build dirs:	1489920 KB or 1455.000 MB
Required space to build the package:			4184 KB or 4.086 MB
Installed files disk usage:				1228 KB or 1.199 MB

================================================================================
				[check]

Build time is:						0 minutes and 15 seconds
Build time in seconds is:				15
Approximate SBU time is:				0.1
Disk usage before unpacking the package:		1486964 KB or 1452.113 MB
Disk usage before deleting the source and build dirs:	1494668 KB or 1459.637 MB
Required space to build the package:			7704 KB or 7.524 MB
Installed files disk usage:				956 KB or 0.934 MB

================================================================================
				[ncurses]

Build time is:						1 minutes and 18 seconds
Build time in seconds is:				78
Approximate SBU time is:				0.6
Disk usage before unpacking the package:		1487920 KB or 1453.047 MB
Disk usage before deleting the source and build dirs:	1522836 KB or 1487.145 MB
Required space to build the package:			34916 KB or 34.098 MB
Installed files disk usage:				9476 KB or 9.254 MB

================================================================================
				[bash]

Build time is:						1 minutes and 2 seconds
Build time in seconds is:				62
Approximate SBU time is:				0.5
Disk usage before unpacking the package:		1497396 KB or 1462.301 MB
Disk usage before deleting the source and build dirs:	1545004 KB or 1508.793 MB
Required space to build the package:			47608 KB or 46.492 MB
Installed files disk usage:				6524 KB or 6.371 MB

================================================================================
				[bzip2]

Build time is:						0 minutes and 4 seconds
Build time in seconds is:				4
Approximate SBU time is:				0.0
Disk usage before unpacking the package:		1503920 KB or 1468.672 MB
Disk usage before deleting the source and build dirs:	1509476 KB or 1474.098 MB
Required space to build the package:			5556 KB or 5.426 MB
Installed files disk usage:				1220 KB or 1.191 MB

================================================================================
				[coreutils]

Build time is:						2 minutes and 1 seconds
Build time in seconds is:				121
Approximate SBU time is:				0.9
Disk usage before unpacking the package:		1505140 KB or 1469.863 MB
Disk usage before deleting the source and build dirs:	1635948 KB or 1597.605 MB
Required space to build the package:			130808 KB or 127.742 MB
Installed files disk usage:				32124 KB or 31.371 MB

================================================================================
				[diffutils]

Build time is:						0 minutes and 40 seconds
Build time in seconds is:				40
Approximate SBU time is:				0.3
Disk usage before unpacking the package:		1537264 KB or 1501.234 MB
Disk usage before deleting the source and build dirs:	1555716 KB or 1519.254 MB
Required space to build the package:			18452 KB or 18.020 MB
Installed files disk usage:				1828 KB or 1.786 MB

================================================================================
				[file]

Build time is:						0 minutes and 15 seconds
Build time in seconds is:				15
Approximate SBU time is:				0.1
Disk usage before unpacking the package:		1539092 KB or 1503.020 MB
Disk usage before deleting the source and build dirs:	1550340 KB or 1514.004 MB
Required space to build the package:			11248 KB or 10.984 MB
Installed files disk usage:				3076 KB or 3.003 MB

================================================================================
				[findutils]

Build time is:						0 minutes and 38 seconds
Build time in seconds is:				38
Approximate SBU time is:				0.3
Disk usage before unpacking the package:		1542168 KB or 1506.023 MB
Disk usage before deleting the source and build dirs:	1569048 KB or 1532.273 MB
Required space to build the package:			26880 KB or 26.250 MB
Installed files disk usage:				4180 KB or 4.082 MB

================================================================================
				[gawk]

Build time is:						0 minutes and 27 seconds
Build time in seconds is:				27
Approximate SBU time is:				0.2
Disk usage before unpacking the package:		1546348 KB or 1510.105 MB
Disk usage before deleting the source and build dirs:	1576508 KB or 1539.559 MB
Required space to build the package:			30160 KB or 29.454 MB
Installed files disk usage:				6992 KB or 6.829 MB

================================================================================
				[gettext]

Build time is:						1 minutes and 54 seconds
Build time in seconds is:				114
Approximate SBU time is:				0.8
Disk usage before unpacking the package:		1553340 KB or 1516.934 MB
Disk usage before deleting the source and build dirs:	1672432 KB or 1633.234 MB
Required space to build the package:			119092 KB or 116.300 MB
Installed files disk usage:				1832 KB or 1.789 MB

================================================================================
				[grep]

Build time is:						0 minutes and 38 seconds
Build time in seconds is:				38
Approximate SBU time is:				0.3
Disk usage before unpacking the package:		1555172 KB or 1518.723 MB
Disk usage before deleting the source and build dirs:	1576060 KB or 1539.121 MB
Required space to build the package:			20888 KB or 20.398 MB
Installed files disk usage:				2160 KB or 2.109 MB

================================================================================
				[gzip]

Build time is:						0 minutes and 39 seconds
Build time in seconds is:				39
Approximate SBU time is:				0.3
Disk usage before unpacking the package:		1557332 KB or 1520.832 MB
Disk usage before deleting the source and build dirs:	1567376 KB or 1530.641 MB
Required space to build the package:			10044 KB or 9.809 MB
Installed files disk usage:				532 KB or 0.520 MB

================================================================================
				[m4]

Build time is:						0 minutes and 37 seconds
Build time in seconds is:				37
Approximate SBU time is:				0.3
Disk usage before unpacking the package:		1557864 KB or 1521.352 MB
Disk usage before deleting the source and build dirs:	1574580 KB or 1537.676 MB
Required space to build the package:			16716 KB or 16.324 MB
Installed files disk usage:				1040 KB or 1.015 MB

================================================================================
				[make]

Build time is:						0 minutes and 15 seconds
Build time in seconds is:				15
Approximate SBU time is:				0.1
Disk usage before unpacking the package:		1558904 KB or 1522.367 MB
Disk usage before deleting the source and build dirs:	1570072 KB or 1533.273 MB
Required space to build the package:			11168 KB or 10.906 MB
Installed files disk usage:				1960 KB or 1.914 MB

================================================================================
				[patch]

Build time is:						0 minutes and 33 seconds
Build time in seconds is:				33
Approximate SBU time is:				0.2
Disk usage before unpacking the package:		1560864 KB or 1524.281 MB
Disk usage before deleting the source and build dirs:	1570724 KB or 1533.910 MB
Required space to build the package:			9860 KB or 9.629 MB
Installed files disk usage:				608 KB or 0.594 MB

================================================================================
				[perl]

Build time is:						3 minutes and 45 seconds
Build time in seconds is:				225
Approximate SBU time is:				1.7
Disk usage before unpacking the package:		1561472 KB or 1524.875 MB
Disk usage before deleting the source and build dirs:	1798252 KB or 1756.105 MB
Required space to build the package:			236780 KB or 231.230 MB
Installed files disk usage:				55544 KB or 54.242 MB

================================================================================
				[sed]

Build time is:						0 minutes and 26 seconds
Build time in seconds is:				26
Approximate SBU time is:				0.2
Disk usage before unpacking the package:		1617016 KB or 1579.117 MB
Disk usage before deleting the source and build dirs:	1627384 KB or 1589.242 MB
Required space to build the package:			10368 KB or 10.125 MB
Installed files disk usage:				572 KB or 0.559 MB

================================================================================
				[tar]

Build time is:						1 minutes and 1 seconds
Build time in seconds is:				61
Approximate SBU time is:				0.4
Disk usage before unpacking the package:		1617588 KB or 1579.676 MB
Disk usage before deleting the source and build dirs:	1645944 KB or 1607.367 MB
Required space to build the package:			28356 KB or 27.691 MB
Installed files disk usage:				3768 KB or 3.679 MB

================================================================================
				[texinfo]

Build time is:						0 minutes and 50 seconds
Build time in seconds is:				50
Approximate SBU time is:				0.4
Disk usage before unpacking the package:		1621356 KB or 1583.355 MB
Disk usage before deleting the source and build dirs:	1716820 KB or 1676.582 MB
Required space to build the package:			95464 KB or 93.227 MB
Installed files disk usage:				10324 KB or 10.083 MB

================================================================================
				[xz-utils]

Build time is:						0 minutes and 32 seconds
Build time in seconds is:				32
Approximate SBU time is:				0.2
Disk usage before unpacking the package:		1631680 KB or 1593.438 MB
Disk usage before deleting the source and build dirs:	1647612 KB or 1608.996 MB
Required space to build the package:			15932 KB or 15.558 MB
Installed files disk usage:				2492 KB or 2.433 MB

================================================================================
				[1-dpkg]

Build time is:						0 minutes and 19 seconds
Build time in seconds is:				19
Approximate SBU time is:				0.1
Disk usage before unpacking the package:		1634172 KB or 1595.871 MB
Disk usage before deleting the source and build dirs:	1678132 KB or 1638.801 MB
Required space to build the package:			43960 KB or 42.930 MB
Installed files disk usage:				2704 KB or 2.641 MB

================================================================================
				[stripping]

Build time is:						0 minutes and 2 seconds
Build time in seconds is:				2
Approximate SBU time is:				0.0
Disk usage before unpacking the package:		1636876 KB or 1598.512 MB
Disk usage before deleting the source and build dirs:	1359204 KB or 1327.348 MB
Required space to build the package:			-277672 KB or -271.164 MB
Installed files disk usage:				-277672 KB or -271.164 MB

================================================================================
				[changingowner]

Build time is:						0 minutes and 0 seconds
Build time in seconds is:				0
Approximate SBU time is:				0.0
Disk usage before unpacking the package:		1359204 KB or 1327.348 MB
Disk usage before deleting the source and build dirs:	1359204 KB or 1327.348 MB
Required space to build the package:			0 KB or 0.000 MB
Installed files disk usage:				0 KB or 0.000 MB

================================================================================
				[kernfs]

Build time is:						0 minutes and 0 seconds
Build time in seconds is:				0
Approximate SBU time is:				0.0
Disk usage before unpacking the package:		1359204 KB or 1327.348 MB
Disk usage before deleting the source and build dirs:	1359208 KB or 1327.352 MB
Required space to build the package:			4 KB or 0.004 MB
Installed files disk usage:				4 KB or 0.004 MB

================================================================================
				[creatingdirs]

Build time is:						0 minutes and 0 seconds
Build time in seconds is:				0
Approximate SBU time is:				0.0
Disk usage before unpacking the package:		1359208 KB or 1327.352 MB
Disk usage before deleting the source and build dirs:	1359500 KB or 1327.637 MB
Required space to build the package:			292 KB or 0.285 MB
Installed files disk usage:				292 KB or 0.285 MB

================================================================================
				[createfiles]

Build time is:						0 minutes and 0 seconds
Build time in seconds is:				0
Approximate SBU time is:				0.0
Disk usage before unpacking the package:		1359500 KB or 1327.637 MB
Disk usage before deleting the source and build dirs:	1359512 KB or 1327.648 MB
Required space to build the package:			12 KB or 0.011 MB
Installed files disk usage:				12 KB or 0.011 MB

================================================================================
				[linux-headers]

Build time is:						0 minutes and 20 seconds
Build time in seconds is:				20
Approximate SBU time is:				0.1
Disk usage before unpacking the package:		1359512 KB or 1327.648 MB
Disk usage before deleting the source and build dirs:	1945356 KB or 1899.762 MB
Required space to build the package:			585844 KB or 572.114 MB
Installed files disk usage:				7700 KB or 7.520 MB

================================================================================
				[man-pages]

Build time is:						0 minutes and 1 seconds
Build time in seconds is:				1
Approximate SBU time is:				0.0
Disk usage before unpacking the package:		1367212 KB or 1335.168 MB
Disk usage before deleting the source and build dirs:	1392196 KB or 1359.566 MB
Required space to build the package:			24984 KB or 24.398 MB
Installed files disk usage:				12028 KB or 11.746 MB

================================================================================
				[glibc]

Build time is:						50 minutes and 15 seconds
Build time in seconds is:				3015
Approximate SBU time is:				22.2
Disk usage before unpacking the package:		1379240 KB or 1346.914 MB
Disk usage before deleting the source and build dirs:	2345396 KB or 2290.426 MB
Required space to build the package:			966156 KB or 943.512 MB
Installed files disk usage:				140304 KB or 137.016 MB

================================================================================
				[adjusting]

Build time is:						0 minutes and 0 seconds
Build time in seconds is:				0
Approximate SBU time is:				0.0
Disk usage before unpacking the package:		1519544 KB or 1483.930 MB
Disk usage before deleting the source and build dirs:	1519552 KB or 1483.938 MB
Required space to build the package:			8 KB or 0.008 MB
Installed files disk usage:				8 KB or 0.008 MB

================================================================================
				[zlib]

Build time is:						0 minutes and 7 seconds
Build time in seconds is:				7
Approximate SBU time is:				0.1
Disk usage before unpacking the package:		1519552 KB or 1483.938 MB
Disk usage before deleting the source and build dirs:	1523628 KB or 1487.918 MB
Required space to build the package:			4076 KB or 3.980 MB
Installed files disk usage:				-60 KB or -0.059 MB

================================================================================
				[file]

Build time is:						0 minutes and 15 seconds
Build time in seconds is:				15
Approximate SBU time is:				0.1
Disk usage before unpacking the package:		1519492 KB or 1483.879 MB
Disk usage before deleting the source and build dirs:	1531164 KB or 1495.277 MB
Required space to build the package:			11672 KB or 11.398 MB
Installed files disk usage:				3436 KB or 3.355 MB

================================================================================
				[binutils]

Build time is:						5 minutes and 52 seconds
Build time in seconds is:				352
Approximate SBU time is:				2.6
Disk usage before unpacking the package:		1522928 KB or 1487.234 MB
Disk usage before deleting the source and build dirs:	1909648 KB or 1864.891 MB
Required space to build the package:			386720 KB or 377.657 MB
Installed files disk usage:				58136 KB or 56.774 MB

================================================================================
				[gmp]

Build time is:						3 minutes and 56 seconds
Build time in seconds is:				236
Approximate SBU time is:				1.7
Disk usage before unpacking the package:		1581064 KB or 1544.008 MB
Disk usage before deleting the source and build dirs:	1638888 KB or 1600.477 MB
Required space to build the package:			57824 KB or 56.469 MB
Installed files disk usage:				2812 KB or 2.746 MB

================================================================================
				[mpfr]

Build time is:						2 minutes and 4 seconds
Build time in seconds is:				124
Approximate SBU time is:				0.9
Disk usage before unpacking the package:		1583876 KB or 1546.754 MB
Disk usage before deleting the source and build dirs:	1612372 KB or 1574.582 MB
Required space to build the package:			28496 KB or 27.828 MB
Installed files disk usage:				2788 KB or 2.723 MB

================================================================================
				[mpc]

Build time is:						0 minutes and 55 seconds
Build time in seconds is:				55
Approximate SBU time is:				0.4
Disk usage before unpacking the package:		1586664 KB or 1549.477 MB
Disk usage before deleting the source and build dirs:	1596980 KB or 1559.551 MB
Required space to build the package:			10316 KB or 10.074 MB
Installed files disk usage:				568 KB or 0.554 MB

================================================================================
				[gcc]

Build time is:						154 minutes and 57 seconds
Build time in seconds is:				9297
Approximate SBU time is:				68.4
Disk usage before unpacking the package:		1587232 KB or 1550.031 MB
Disk usage before deleting the source and build dirs:	3970980 KB or 3877.910 MB
Required space to build the package:			2383748 KB or 2327.879 MB
Installed files disk usage:				439460 KB or 429.160 MB

================================================================================
				[sed]

Build time is:						0 minutes and 36 seconds
Build time in seconds is:				36
Approximate SBU time is:				0.3
Disk usage before unpacking the package:		2026692 KB or 1979.191 MB
Disk usage before deleting the source and build dirs:	2033304 KB or 1985.648 MB
Required space to build the package:			6612 KB or 6.457 MB
Installed files disk usage:				-3392 KB or -3.312 MB

================================================================================
				[bzip2]

Build time is:						0 minutes and 8 seconds
Build time in seconds is:				8
Approximate SBU time is:				0.1
Disk usage before unpacking the package:		2023300 KB or 1975.879 MB
Disk usage before deleting the source and build dirs:	2030804 KB or 1983.207 MB
Required space to build the package:			7504 KB or 7.328 MB
Installed files disk usage:				2876 KB or 2.809 MB

================================================================================
				[pkg-config]

Build time is:						0 minutes and 56 seconds
Build time in seconds is:				56
Approximate SBU time is:				0.4
Disk usage before unpacking the package:		2026176 KB or 1978.688 MB
Disk usage before deleting the source and build dirs:	2056888 KB or 2008.680 MB
Required space to build the package:			30712 KB or 29.992 MB
Installed files disk usage:				2368 KB or 2.312 MB

================================================================================
				[ncurses]

Build time is:						1 minutes and 27 seconds
Build time in seconds is:				87
Approximate SBU time is:				0.6
Disk usage before unpacking the package:		2028544 KB or 1981.000 MB
Disk usage before deleting the source and build dirs:	2071156 KB or 2022.613 MB
Required space to build the package:			42612 KB or 41.613 MB
Installed files disk usage:				16412 KB or 16.027 MB

================================================================================
				[util-linux]

Build time is:						1 minutes and 41 seconds
Build time in seconds is:				101
Approximate SBU time is:				0.7
Disk usage before unpacking the package:		2044956 KB or 1997.027 MB
Disk usage before deleting the source and build dirs:	2131596 KB or 2081.637 MB
Required space to build the package:			86640 KB or 84.610 MB
Installed files disk usage:				24020 KB or 23.457 MB

================================================================================
				[psmisc]

Build time is:						0 minutes and 10 seconds
Build time in seconds is:				10
Approximate SBU time is:				0.1
Disk usage before unpacking the package:		2068976 KB or 2020.484 MB
Disk usage before deleting the source and build dirs:	2073240 KB or 2024.648 MB
Required space to build the package:			4264 KB or 4.164 MB
Installed files disk usage:				888 KB or 0.868 MB

================================================================================
				[procps-ng]

Build time is:						0 minutes and 27 seconds
Build time in seconds is:				27
Approximate SBU time is:				0.2
Disk usage before unpacking the package:		2069864 KB or 2021.352 MB
Disk usage before deleting the source and build dirs:	2081448 KB or 2032.664 MB
Required space to build the package:			11584 KB or 11.312 MB
Installed files disk usage:				2324 KB or 2.269 MB

================================================================================
				[e2fsprogs]

Build time is:						3 minutes and 7 seconds
Build time in seconds is:				187
Approximate SBU time is:				1.4
Disk usage before unpacking the package:		2072188 KB or 2023.621 MB
Disk usage before deleting the source and build dirs:	2140072 KB or 2089.914 MB
Required space to build the package:			67884 KB or 66.293 MB
Installed files disk usage:				12724 KB or 12.426 MB

================================================================================
				[shadow]

Build time is:						0 minutes and 39 seconds
Build time in seconds is:				39
Approximate SBU time is:				0.3
Disk usage before unpacking the package:		2084912 KB or 2036.047 MB
Disk usage before deleting the source and build dirs:	2128688 KB or 2078.797 MB
Required space to build the package:			43776 KB or 42.750 MB
Installed files disk usage:				13196 KB or 12.887 MB

================================================================================
				[coreutils]

Build time is:						7 minutes and 13 seconds
Build time in seconds is:				433
Approximate SBU time is:				3.2
Disk usage before unpacking the package:		2098108 KB or 2048.934 MB
Disk usage before deleting the source and build dirs:	2273916 KB or 2220.621 MB
Required space to build the package:			175808 KB or 171.687 MB
Installed files disk usage:				44532 KB or 43.488 MB

================================================================================
				[iana-etc]

Build time is:						0 minutes and 0 seconds
Build time in seconds is:				0
Approximate SBU time is:				0.0
Disk usage before unpacking the package:		2142640 KB or 2092.422 MB
Disk usage before deleting the source and build dirs:	2145160 KB or 2094.883 MB
Required space to build the package:			2520 KB or 2.461 MB
Installed files disk usage:				920 KB or 0.898 MB

================================================================================
				[m4]

Build time is:						1 minutes and 10 seconds
Build time in seconds is:				70
Approximate SBU time is:				0.5
Disk usage before unpacking the package:		2143560 KB or 2093.320 MB
Disk usage before deleting the source and build dirs:	2169908 KB or 2119.051 MB
Required space to build the package:			26348 KB or 25.731 MB
Installed files disk usage:				1392 KB or 1.360 MB

================================================================================
				[bison]

Build time is:						5 minutes and 6 seconds
Build time in seconds is:				306
Approximate SBU time is:				2.2
Disk usage before unpacking the package:		2144952 KB or 2094.680 MB
Disk usage before deleting the source and build dirs:	2180388 KB or 2129.285 MB
Required space to build the package:			35436 KB or 34.605 MB
Installed files disk usage:				4404 KB or 4.300 MB

================================================================================
				[grep]

Build time is:						1 minutes and 18 seconds
Build time in seconds is:				78
Approximate SBU time is:				0.6
Disk usage before unpacking the package:		2149356 KB or 2098.980 MB
Disk usage before deleting the source and build dirs:	2179840 KB or 2128.750 MB
Required space to build the package:			30484 KB or 29.770 MB
Installed files disk usage:				3160 KB or 3.086 MB

================================================================================
				[readline]

Build time is:						0 minutes and 19 seconds
Build time in seconds is:				19
Approximate SBU time is:				0.1
Disk usage before unpacking the package:		2152516 KB or 2102.066 MB
Disk usage before deleting the source and build dirs:	2171460 KB or 2120.566 MB
Required space to build the package:			18944 KB or 18.500 MB
Installed files disk usage:				7684 KB or 7.504 MB

================================================================================
				[bash]

Build time is:						3 minutes and 34 seconds
Build time in seconds is:				214
Approximate SBU time is:				1.6
Disk usage before unpacking the package:		2160200 KB or 2109.570 MB
Disk usage before deleting the source and build dirs:	2206996 KB or 2155.270 MB
Required space to build the package:			46796 KB or 45.700 MB
Installed files disk usage:				9132 KB or 8.918 MB

================================================================================
				[libtool]

Build time is:						10 minutes and 49 seconds
Build time in seconds is:				649
Approximate SBU time is:				4.8
Disk usage before unpacking the package:		2169332 KB or 2118.488 MB
Disk usage before deleting the source and build dirs:	2207608 KB or 2155.867 MB
Required space to build the package:			38276 KB or 37.379 MB
Installed files disk usage:				3460 KB or 3.379 MB

================================================================================
				[gdbm]

Build time is:						0 minutes and 22 seconds
Build time in seconds is:				22
Approximate SBU time is:				0.2
Disk usage before unpacking the package:		2172792 KB or 2121.867 MB
Disk usage before deleting the source and build dirs:	2181420 KB or 2130.293 MB
Required space to build the package:			8628 KB or 8.426 MB
Installed files disk usage:				1284 KB or 1.254 MB

================================================================================
				[inetutils]

Build time is:						1 minutes and 15 seconds
Build time in seconds is:				75
Approximate SBU time is:				0.6
Disk usage before unpacking the package:		2174076 KB or 2123.121 MB
Disk usage before deleting the source and build dirs:	2201220 KB or 2149.629 MB
Required space to build the package:			27144 KB or 26.508 MB
Installed files disk usage:				4872 KB or 4.758 MB

================================================================================
				[perl]

Build time is:						15 minutes and 51 seconds
Build time in seconds is:				951
Approximate SBU time is:				7.0
Disk usage before unpacking the package:		2178948 KB or 2127.879 MB
Disk usage before deleting the source and build dirs:	2441768 KB or 2384.539 MB
Required space to build the package:			262820 KB or 256.660 MB
Installed files disk usage:				84032 KB or 82.062 MB

================================================================================
				[autoconf]

Build time is:						14 minutes and 11 seconds
Build time in seconds is:				851
Approximate SBU time is:				6.3
Disk usage before unpacking the package:		2262980 KB or 2209.941 MB
Disk usage before deleting the source and build dirs:	2281180 KB or 2227.715 MB
Required space to build the package:			18200 KB or 17.774 MB
Installed files disk usage:				3860 KB or 3.770 MB

================================================================================
				[automake]

Build time is:						85 minutes and 2 seconds
Build time in seconds is:				5102
Approximate SBU time is:				37.5
Disk usage before unpacking the package:		2266840 KB or 2213.711 MB
Disk usage before deleting the source and build dirs:	2370452 KB or 2314.895 MB
Required space to build the package:			103612 KB or 101.184 MB
Installed files disk usage:				3000 KB or 2.930 MB

================================================================================
				[diffutils]

Build time is:						1 minutes and 11 seconds
Build time in seconds is:				71
Approximate SBU time is:				0.5
Disk usage before unpacking the package:		2269840 KB or 2216.641 MB
Disk usage before deleting the source and build dirs:	2294936 KB or 2241.148 MB
Required space to build the package:			25096 KB or 24.507 MB
Installed files disk usage:				2452 KB or 2.394 MB

================================================================================
				[gawk]

Build time is:						0 minutes and 35 seconds
Build time in seconds is:				35
Approximate SBU time is:				0.3
Disk usage before unpacking the package:		2272292 KB or 2219.035 MB
Disk usage before deleting the source and build dirs:	2305104 KB or 2251.078 MB
Required space to build the package:			32812 KB or 32.043 MB
Installed files disk usage:				9624 KB or 9.399 MB

================================================================================
				[findutils]

Build time is:						1 minutes and 9 seconds
Build time in seconds is:				69
Approximate SBU time is:				0.5
Disk usage before unpacking the package:		2281916 KB or 2228.434 MB
Disk usage before deleting the source and build dirs:	2312764 KB or 2258.559 MB
Required space to build the package:			30848 KB or 30.125 MB
Installed files disk usage:				5592 KB or 5.461 MB

================================================================================
				[flex]

Build time is:						0 minutes and 55 seconds
Build time in seconds is:				55
Approximate SBU time is:				0.4
Disk usage before unpacking the package:		2287508 KB or 2233.895 MB
Disk usage before deleting the source and build dirs:	2324392 KB or 2269.914 MB
Required space to build the package:			36884 KB or 36.019 MB
Installed files disk usage:				3168 KB or 3.093 MB

================================================================================
				[gettext]

Build time is:						7 minutes and 19 seconds
Build time in seconds is:				439
Approximate SBU time is:				3.2
Disk usage before unpacking the package:		2290676 KB or 2236.988 MB
Disk usage before deleting the source and build dirs:	2492060 KB or 2433.652 MB
Required space to build the package:			201384 KB or 196.664 MB
Installed files disk usage:				32096 KB or 31.344 MB

================================================================================
				[groff]

Build time is:						1 minutes and 23 seconds
Build time in seconds is:				83
Approximate SBU time is:				0.6
Disk usage before unpacking the package:		2322772 KB or 2268.332 MB
Disk usage before deleting the source and build dirs:	2413976 KB or 2357.398 MB
Required space to build the package:			91204 KB or 89.066 MB
Installed files disk usage:				34788 KB or 33.973 MB

================================================================================
				[xz-utils]

Build time is:						0 minutes and 45 seconds
Build time in seconds is:				45
Approximate SBU time is:				0.3
Disk usage before unpacking the package:		2357560 KB or 2302.305 MB
Disk usage before deleting the source and build dirs:	2376236 KB or 2320.543 MB
Required space to build the package:			18676 KB or 18.238 MB
Installed files disk usage:				3544 KB or 3.461 MB

================================================================================
				[grub]

Build time is:						2 minutes and 11 seconds
Build time in seconds is:				131
Approximate SBU time is:				1.0
Disk usage before unpacking the package:		2361104 KB or 2305.766 MB
Disk usage before deleting the source and build dirs:	2481020 KB or 2422.871 MB
Required space to build the package:			119916 KB or 117.105 MB
Installed files disk usage:				26276 KB or 25.660 MB

================================================================================
				[less]

Build time is:						0 minutes and 11 seconds
Build time in seconds is:				11
Approximate SBU time is:				0.1
Disk usage before unpacking the package:		2387380 KB or 2331.426 MB
Disk usage before deleting the source and build dirs:	2391292 KB or 2335.246 MB
Required space to build the package:			3912 KB or 3.820 MB
Installed files disk usage:				832 KB or 0.812 MB

================================================================================
				[gzip]

Build time is:						0 minutes and 48 seconds
Build time in seconds is:				48
Approximate SBU time is:				0.4
Disk usage before unpacking the package:		2388212 KB or 2332.238 MB
Disk usage before deleting the source and build dirs:	2408380 KB or 2351.934 MB
Required space to build the package:			20168 KB or 19.696 MB
Installed files disk usage:				732 KB or 0.715 MB

================================================================================
				[iproute2]

Build time is:						0 minutes and 20 seconds
Build time in seconds is:				20
Approximate SBU time is:				0.1
Disk usage before unpacking the package:		2388944 KB or 2332.953 MB
Disk usage before deleting the source and build dirs:	2397380 KB or 2341.191 MB
Required space to build the package:			8436 KB or 8.238 MB
Installed files disk usage:				2432 KB or 2.375 MB

================================================================================
				[kbd]

Build time is:						0 minutes and 16 seconds
Build time in seconds is:				16
Approximate SBU time is:				0.1
Disk usage before unpacking the package:		2391376 KB or 2335.328 MB
Disk usage before deleting the source and build dirs:	2413872 KB or 2357.297 MB
Required space to build the package:			22496 KB or 21.969 MB
Installed files disk usage:				7508 KB or 7.332 MB

================================================================================
				[kmod]

Build time is:						0 minutes and 18 seconds
Build time in seconds is:				18
Approximate SBU time is:				0.1
Disk usage before unpacking the package:		2398884 KB or 2342.660 MB
Disk usage before deleting the source and build dirs:	2430028 KB or 2373.074 MB
Required space to build the package:			31144 KB or 30.414 MB
Installed files disk usage:				984 KB or 0.961 MB

================================================================================
				[libpipeline]

Build time is:						0 minutes and 32 seconds
Build time in seconds is:				32
Approximate SBU time is:				0.2
Disk usage before unpacking the package:		2399868 KB or 2343.621 MB
Disk usage before deleting the source and build dirs:	2407384 KB or 2350.961 MB
Required space to build the package:			7516 KB or 7.340 MB
Installed files disk usage:				312 KB or 0.305 MB

================================================================================
				[make]

Build time is:						0 minutes and 50 seconds
Build time in seconds is:				50
Approximate SBU time is:				0.4
Disk usage before unpacking the package:		2400180 KB or 2343.926 MB
Disk usage before deleting the source and build dirs:	2412056 KB or 2355.523 MB
Required space to build the package:			11876 KB or 11.597 MB
Installed files disk usage:				2632 KB or 2.570 MB

================================================================================
				[man-db]

Build time is:						1 minutes and 23 seconds
Build time in seconds is:				83
Approximate SBU time is:				0.6
Disk usage before unpacking the package:		2402812 KB or 2346.496 MB
Disk usage before deleting the source and build dirs:	2430860 KB or 2373.887 MB
Required space to build the package:			28048 KB or 27.391 MB
Installed files disk usage:				4084 KB or 3.988 MB

================================================================================
				[patch]

Build time is:						0 minutes and 39 seconds
Build time in seconds is:				39
Approximate SBU time is:				0.3
Disk usage before unpacking the package:		2406896 KB or 2350.484 MB
Disk usage before deleting the source and build dirs:	2417100 KB or 2360.449 MB
Required space to build the package:			10204 KB or 9.965 MB
Installed files disk usage:				824 KB or 0.805 MB

================================================================================
				[sysklogd]

Build time is:						0 minutes and 2 seconds
Build time in seconds is:				2
Approximate SBU time is:				0.0
Disk usage before unpacking the package:		2407720 KB or 2351.289 MB
Disk usage before deleting the source and build dirs:	2408412 KB or 2351.965 MB
Required space to build the package:			692 KB or 0.676 MB
Installed files disk usage:				172 KB or 0.168 MB

================================================================================
				[sysvinit]

Build time is:						0 minutes and 3 seconds
Build time in seconds is:				3
Approximate SBU time is:				0.0
Disk usage before unpacking the package:		2407892 KB or 2351.457 MB
Disk usage before deleting the source and build dirs:	2409348 KB or 2352.879 MB
Required space to build the package:			1456 KB or 1.422 MB
Installed files disk usage:				456 KB or 0.445 MB

================================================================================
				[tar]

Build time is:						4 minutes and 52 seconds
Build time in seconds is:				292
Approximate SBU time is:				2.1
Disk usage before unpacking the package:		2408348 KB or 2351.902 MB
Disk usage before deleting the source and build dirs:	2444548 KB or 2387.254 MB
Required space to build the package:			36200 KB or 35.352 MB
Installed files disk usage:				8252 KB or 8.059 MB

================================================================================
				[texinfo]

Build time is:						1 minutes and 44 seconds
Build time in seconds is:				104
Approximate SBU time is:				0.8
Disk usage before unpacking the package:		2416600 KB or 2359.961 MB
Disk usage before deleting the source and build dirs:	2521472 KB or 2462.375 MB
Required space to build the package:			104872 KB or 102.414 MB
Installed files disk usage:				13820 KB or 13.496 MB

================================================================================
				[udev]

Build time is:						0 minutes and 13 seconds
Build time in seconds is:				13
Approximate SBU time is:				0.1
Disk usage before unpacking the package:		2430420 KB or 2373.457 MB
Disk usage before deleting the source and build dirs:	2460788 KB or 2403.113 MB
Required space to build the package:			30368 KB or 29.656 MB
Installed files disk usage:				6100 KB or 5.957 MB

================================================================================
				[vim]

Build time is:						1 minutes and 54 seconds
Build time in seconds is:				114
Approximate SBU time is:				0.8
Disk usage before unpacking the package:		2436520 KB or 2379.414 MB
Disk usage before deleting the source and build dirs:	2541120 KB or 2481.562 MB
Required space to build the package:			104600 KB or 102.148 MB
Installed files disk usage:				36080 KB or 35.234 MB

================================================================================
				[1-dpkg]

Build time is:						0 minutes and 28 seconds
Build time in seconds is:				28
Approximate SBU time is:				0.2
Disk usage before unpacking the package:		2472600 KB or 2414.648 MB
Disk usage before deleting the source and build dirs:	2526232 KB or 2467.023 MB
Required space to build the package:			53632 KB or 52.375 MB
Installed files disk usage:				12368 KB or 12.079 MB

================================================================================
				[strippingagain]

Build time is:						0 minutes and 35 seconds
Build time in seconds is:				35
Approximate SBU time is:				0.3
Disk usage before unpacking the package:		2484968 KB or 2426.727 MB
Disk usage before deleting the source and build dirs:	2086652 KB or 2037.746 MB
Required space to build the package:			-398316 KB or -388.981 MB
Installed files disk usage:				-398316 KB or -388.981 MB

================================================================================
				[network]

Build time is:						0 minutes and 0 seconds
Build time in seconds is:				0
Approximate SBU time is:				0.0
Disk usage before unpacking the package:		2086652 KB or 2037.746 MB
Disk usage before deleting the source and build dirs:	2086660 KB or 2037.754 MB
Required space to build the package:			8 KB or 0.008 MB
Installed files disk usage:				8 KB or 0.008 MB

================================================================================
				[hosts]

Build time is:						0 minutes and 0 seconds
Build time in seconds is:				0
Approximate SBU time is:				0.0
Disk usage before unpacking the package:		2086660 KB or 2037.754 MB
Disk usage before deleting the source and build dirs:	2086660 KB or 2037.754 MB
Required space to build the package:			0 KB or 0.000 MB
Installed files disk usage:				0 KB or 0.000 MB

================================================================================
				[bootscripts]

Build time is:						0 minutes and 1 seconds
Build time in seconds is:				1
Approximate SBU time is:				0.0
Disk usage before unpacking the package:		2086660 KB or 2037.754 MB
Disk usage before deleting the source and build dirs:	2087136 KB or 2038.219 MB
Required space to build the package:			476 KB or 0.465 MB
Installed files disk usage:				220 KB or 0.215 MB

================================================================================
				[usage]

Build time is:						0 minutes and 0 seconds
Build time in seconds is:				0
Approximate SBU time is:				0.0
Disk usage before unpacking the package:		2086880 KB or 2037.969 MB
Disk usage before deleting the source and build dirs:	2086884 KB or 2037.973 MB
Required space to build the package:			4 KB or 0.004 MB
Installed files disk usage:				4 KB or 0.004 MB

================================================================================
				[hostname]

Build time is:						0 minutes and 0 seconds
Build time in seconds is:				0
Approximate SBU time is:				0.0
Disk usage before unpacking the package:		2086884 KB or 2037.973 MB
Disk usage before deleting the source and build dirs:	2086888 KB or 2037.977 MB
Required space to build the package:			4 KB or 0.004 MB
Installed files disk usage:				4 KB or 0.004 MB

================================================================================
				[setclock]

Build time is:						0 minutes and 0 seconds
Build time in seconds is:				0
Approximate SBU time is:				0.0
Disk usage before unpacking the package:		2086888 KB or 2037.977 MB
Disk usage before deleting the source and build dirs:	2086892 KB or 2037.980 MB
Required space to build the package:			4 KB or 0.003 MB
Installed files disk usage:				4 KB or 0.003 MB

================================================================================
				[profile]

Build time is:						0 minutes and 0 seconds
Build time in seconds is:				0
Approximate SBU time is:				0.0
Disk usage before unpacking the package:		2086892 KB or 2037.980 MB
Disk usage before deleting the source and build dirs:	2086896 KB or 2037.984 MB
Required space to build the package:			4 KB or 0.004 MB
Installed files disk usage:				4 KB or 0.004 MB

================================================================================
				[inputrc]

Build time is:						0 minutes and 0 seconds
Build time in seconds is:				0
Approximate SBU time is:				0.0
Disk usage before unpacking the package:		2086896 KB or 2037.984 MB
Disk usage before deleting the source and build dirs:	2086900 KB or 2037.988 MB
Required space to build the package:			4 KB or 0.004 MB
Installed files disk usage:				8 KB or 0.008 MB

================================================================================
				[kernel]

Build time is:						10 minutes and 17 seconds
Build time in seconds is:				617
Approximate SBU time is:				4.5
Disk usage before unpacking the package:		2086904 KB or 2037.992 MB
Disk usage before deleting the source and build dirs:	2941144 KB or 2872.211 MB
Required space to build the package:			854240 KB or 834.219 MB
Installed files disk usage:				42224 KB or 41.235 MB


================================================================================

Total time required to build the system:		212.8  SBU
Total Installed files disk usage:			1517788.000 KB or 1482.215 MB
